npm warn Unknown user config "python". This will stop working in the next major version of npm.

> vite-react@0.0.0 test:run
> vitest run src/features/services/pages/ServicesHome.test.tsx


[7m[1m[36m RUN [39m[22m[27m [36mv1.6.1[39m [90mc:/Users/yn098/youssef's project/Aurora/flutter/aurora_ecommerse/vite-react[39m

[90mstderr[2m | src/features/services/pages/ServicesHome.test.tsx[2m > [22m[2mServicesHome[2m > [22m[2mInitial Rendering[2m > [22m[2mshould render the main container[22m[39m
Warning: An update to ServicesHome inside a test was not wrapped in act(...).

When testing, code that causes React state updates should be wrapped into act(...):

act(() => {
  /* fire events that update state */
});
/* assert on the output */

This ensures that you're testing the behavior the user would see in the browser. Learn more at https://reactjs.org/link/wrap-tests-with-act
    at ServicesHome (c:\Users\yn098\youssef's project\Aurora\flutter\aurora_ecommerse\vite-react\src\features\services\pages\ServicesHome.tsx:37:42)
    at Router (file:///c:/Users/yn098/youssef's%20project/Aurora/flutter/aurora_ecommerse/vite-react/node_modules/react-router/dist/development/chunk-LFPYN7LY.mjs:6653:13)
    at BrowserRouter (file:///c:/Users/yn098/youssef's%20project/Aurora/flutter/aurora_ecommerse/vite-react/node_modules/react-router/dist/development/chunk-LFPYN7LY.mjs:9904:3)
    at QueryClientProvider (file:///c:/Users/yn098/youssef's%20project/Aurora/flutter/aurora_ecommerse/vite-react/node_modules/@tanstack/react-query/build/modern/QueryClientProvider.js:20:3)
Error fetching services data: TypeError: __vite_ssr_import_12__.supabase.from(...).select(...).eq is not a function
    at fetchListings [90m(c:\Users\yn098\youssef's project\Aurora\flutter\aurora_ecommerse\vite-react\[39msrc\features\services\pages\ServicesHome.tsx:202:8[90m)[39m
    at [90mc:\Users\yn098\youssef's project\Aurora\flutter\aurora_ecommerse\vite-react\[39msrc\features\services\pages\ServicesHome.tsx:173:13
Warning: An update to ServicesHome inside a test was not wrapped in act(...).

When testing, code that causes React state updates should be wrapped into act(...):

act(() => {
  /* fire events that update state */
});
/* assert on the output */

This ensures that you're testing the behavior the user would see in the browser. Learn more at https://reactjs.org/link/wrap-tests-with-act
    at ServicesHome (c:\Users\yn098\youssef's project\Aurora\flutter\aurora_ecommerse\vite-react\src\features\services\pages\ServicesHome.tsx:37:42)
    at Router (file:///c:/Users/yn098/youssef's%20project/Aurora/flutter/aurora_ecommerse/vite-react/node_modules/react-router/dist/development/chunk-LFPYN7LY.mjs:6653:13)
    at BrowserRouter (file:///c:/Users/yn098/youssef's%20project/Aurora/flutter/aurora_ecommerse/vite-react/node_modules/react-router/dist/development/chunk-LFPYN7LY.mjs:9904:3)
    at QueryClientProvider (file:///c:/Users/yn098/youssef's%20project/Aurora/flutter/aurora_ecommerse/vite-react/node_modules/@tanstack/react-query/build/modern/QueryClientProvider.js:20:3)

[90mstderr[2m | src/features/services/pages/ServicesHome.test.tsx[2m > [22m[2mServicesHome[2m > [22m[2mInitial Rendering[2m > [22m[2mshould display header[22m[39m
Error fetching services data: TypeError: Cannot read properties of undefined (reading 'select')
    at [90mc:\Users\yn098\youssef's project\Aurora\flutter\aurora_ecommerse\vite-react\[39msrc\features\services\pages\ServicesHome.tsx:151:31
    at [90mc:\Users\yn098\youssef's project\Aurora\flutter\aurora_ecommerse\vite-react\[39msrc\features\services\pages\ServicesHome.tsx:227:5
    at commitHookEffectListMount [90m(c:\Users\yn098\youssef's project\Aurora\flutter\aurora_ecommerse\vite-react\[39mnode_modules\[4mreact-dom[24m\cjs\react-dom.development.js:23189:26[90m)[39m
    at commitPassiveMountOnFiber [90m(c:\Users\yn098\youssef's project\Aurora\flutter\aurora_ecommerse\vite-react\[39mnode_modules\[4mreact-dom[24m\cjs\react-dom.development.js:24970:11[90m)[39m
    at commitPassiveMountEffects_complete [90m(c:\Users\yn098\youssef's project\Aurora\flutter\aurora_ecommerse\vite-react\[39mnode_modules\[4mreact-dom[24m\cjs\react-dom.development.js:24930:9[90m)[39m
    at commitPassiveMountEffects_begin [90m(c:\Users\yn098\youssef's project\Aurora\flutter\aurora_ecommerse\vite-react\[39mnode_modules\[4mreact-dom[24m\cjs\react-dom.development.js:24917:7[90m)[39m
    at commitPassiveMountEffects [90m(c:\Users\yn098\youssef's project\Aurora\flutter\aurora_ecommerse\vite-react\[39mnode_modules\[4mreact-dom[24m\cjs\react-dom.development.js:24905:3[90m)[39m
    at flushPassiveEffectsImpl [90m(c:\Users\yn098\youssef's project\Aurora\flutter\aurora_ecommerse\vite-react\[39mnode_modules\[4mreact-dom[24m\cjs\react-dom.development.js:27078:3[90m)[39m
    at flushPassiveEffects [90m(c:\Users\yn098\youssef's project\Aurora\flutter\aurora_ecommerse\vite-react\[39mnode_modules\[4mreact-dom[24m\cjs\react-dom.development.js:27023:14[90m)[39m
    at performSyncWorkOnRoot [90m(c:\Users\yn098\youssef's project\Aurora\flutter\aurora_ecommerse\vite-react\[39mnode_modules\[4mreact-dom[24m\cjs\react-dom.development.js:26115:3[90m)[39m
Error: Uncaught [TypeError: Cannot read properties of undefined (reading 'subscribe')]
    at reportException (C:\Users\yn098\youssef's project\Aurora\flutter\aurora_ecommerse\vite-react\node_modules\jsdom\lib\jsdom\living\helpers\runtime-script-errors.js:66:24)
    at innerInvokeEventListeners (C:\Users\yn098\youssef's project\Aurora\flutter\aurora_ecommerse\vite-react\node_modules\jsdom\lib\jsdom\living\events\EventTarget-impl.js:353:9)
    at invokeEventListeners (C:\Users\yn098\youssef's project\Aurora\flutter\aurora_ecommerse\vite-react\node_modules\jsdom\lib\jsdom\living\events\EventTarget-impl.js:286:3)
    at HTMLUnknownElementImpl._dispatch (C:\Users\yn098\youssef's project\Aurora\flutter\aurora_ecommerse\vite-react\node_modules\jsdom\lib\jsdom\living\events\EventTarget-impl.js:233:9)
    at HTMLUnknownElementImpl.dispatchEvent (C:\Users\yn098\youssef's project\Aurora\flutter\aurora_ecommerse\vite-react\node_modules\jsdom\lib\jsdom\living\events\EventTarget-impl.js:104:17)
    at HTMLUnknownElement.dispatchEvent (C:\Users\yn098\youssef's project\Aurora\flutter\aurora_ecommerse\vite-react\node_modules\jsdom\lib\jsdom\living\generated\EventTarget.js:241:34)
    at Object.invokeGuardedCallbackDev (c:\Users\yn098\youssef's project\Aurora\flutter\aurora_ecommerse\vite-react\node_modules\react-dom\cjs\react-dom.development.js:4213:16)
    at invokeGuardedCallback (c:\Users\yn098\youssef's project\Aurora\flutter\aurora_ecommerse\vite-react\node_modules\react-dom\cjs\react-dom.development.js:4277:31)
    at reportUncaughtErrorInDEV (c:\Users\yn098\youssef's project\Aurora\flutter\aurora_ecommerse\vite-react\node_modules\react-dom\cjs\react-dom.development.js:22877:5)
    at captureCommitPhaseError (c:\Users\yn098\youssef's project\Aurora\flutter\aurora_ecommerse\vite-react\node_modules\react-dom\cjs\react-dom.development.js:27165:5) TypeError: Cannot read properties of undefined (reading 'subscribe')
    at [90mc:\Users\yn098\youssef's project\Aurora\flutter\aurora_ecommerse\vite-react\[39msrc\features\services\pages\ServicesHome.tsx:249:7
    at commitHookEffectListMount [90m(c:\Users\yn098\youssef's project\Aurora\flutter\aurora_ecommerse\vite-react\[39mnode_modules\[4mreact-dom[24m\cjs\react-dom.development.js:23189:26[90m)[39m
    at commitPassiveMountOnFiber [90m(c:\Users\yn098\youssef's project\Aurora\flutter\aurora_ecommerse\vite-react\[39mnode_modules\[4mreact-dom[24m\cjs\react-dom.development.js:24970:11[90m)[39m
    at commitPassiveMountEffects_complete [90m(c:\Users\yn098\youssef's project\Aurora\flutter\aurora_ecommerse\vite-react\[39mnode_modules\[4mreact-dom[24m\cjs\react-dom.development.js:24930:9[90m)[39m
    at commitPassiveMountEffects_begin [90m(c:\Users\yn098\youssef's project\Aurora\flutter\aurora_ecommerse\vite-react\[39mnode_modules\[4mreact-dom[24m\cjs\react-dom.development.js:24917:7[90m)[39m
    at commitPassiveMountEffects [90m(c:\Users\yn098\youssef's project\Aurora\flutter\aurora_ecommerse\vite-react\[39mnode_modules\[4mreact-dom[24m\cjs\react-dom.development.js:24905:3[90m)[39m
    at flushPassiveEffectsImpl [90m(c:\Users\yn098\youssef's project\Aurora\flutter\aurora_ecommerse\vite-react\[39mnode_modules\[4mreact-dom[24m\cjs\react-dom.development.js:27078:3[90m)[39m
    at flushPassiveEffects [90m(c:\Users\yn098\youssef's project\Aurora\flutter\aurora_ecommerse\vite-react\[39mnode_modules\[4mreact-dom[24m\cjs\react-dom.development.js:27023:14[90m)[39m
    at performSyncWorkOnRoot [90m(c:\Users\yn098\youssef's project\Aurora\flutter\aurora_ecommerse\vite-react\[39mnode_modules\[4mreact-dom[24m\cjs\react-dom.development.js:26115:3[90m)[39m
    at flushSyncCallbacks [90m(c:\Users\yn098\youssef's project\Aurora\flutter\aurora_ecommerse\vite-react\[39mnode_modules\[4mreact-dom[24m\cjs\react-dom.development.js:12042:22[90m)[39m
The above error occurred in the <ServicesHome> component:

    at ServicesHome (c:\Users\yn098\youssef's project\Aurora\flutter\aurora_ecommerse\vite-react\src\features\services\pages\ServicesHome.tsx:37:42)
    at Router (file:///c:/Users/yn098/youssef's%20project/Aurora/flutter/aurora_ecommerse/vite-react/node_modules/react-router/dist/development/chunk-LFPYN7LY.mjs:6653:13)
    at BrowserRouter (file:///c:/Users/yn098/youssef's%20project/Aurora/flutter/aurora_ecommerse/vite-react/node_modules/react-router/dist/development/chunk-LFPYN7LY.mjs:9904:3)
    at QueryClientProvider (file:///c:/Users/yn098/youssef's%20project/Aurora/flutter/aurora_ecommerse/vite-react/node_modules/@tanstack/react-query/build/modern/QueryClientProvider.js:20:3)

Consider adding an error boundary to your tree to customize error handling behavior.
Visit https://reactjs.org/link/error-boundaries to learn more about error boundaries.

[90mstderr[2m | src/features/services/pages/ServicesHome.test.tsx[2m > [22m[2mServicesHome[2m > [22m[2mHero Section[2m > [22m[2mshould render hero section with search functionality[22m[39m
Error fetching services data: TypeError: Cannot read properties of undefined (reading 'select')
    at [90mc:\Users\yn098\youssef's project\Aurora\flutter\aurora_ecommerse\vite-react\[39msrc\features\services\pages\ServicesHome.tsx:151:31
    at [90mc:\Users\yn098\youssef's project\Aurora\flutter\aurora_ecommerse\vite-react\[39msrc\features\services\pages\ServicesHome.tsx:227:5
    at commitHookEffectListMount [90m(c:\Users\yn098\youssef's project\Aurora\flutter\aurora_ecommerse\vite-react\[39mnode_modules\[4mreact-dom[24m\cjs\react-dom.development.js:23189:26[90m)[39m
    at commitPassiveMountOnFiber [90m(c:\Users\yn098\youssef's project\Aurora\flutter\aurora_ecommerse\vite-react\[39mnode_modules\[4mreact-dom[24m\cjs\react-dom.development.js:24970:11[90m)[39m
    at commitPassiveMountEffects_complete [90m(c:\Users\yn098\youssef's project\Aurora\flutter\aurora_ecommerse\vite-react\[39mnode_modules\[4mreact-dom[24m\cjs\react-dom.development.js:24930:9[90m)[39m
    at commitPassiveMountEffects_begin [90m(c:\Users\yn098\youssef's project\Aurora\flutter\aurora_ecommerse\vite-react\[39mnode_modules\[4mreact-dom[24m\cjs\react-dom.development.js:24917:7[90m)[39m
    at commitPassiveMountEffects [90m(c:\Users\yn098\youssef's project\Aurora\flutter\aurora_ecommerse\vite-react\[39mnode_modules\[4mreact-dom[24m\cjs\react-dom.development.js:24905:3[90m)[39m
    at flushPassiveEffectsImpl [90m(c:\Users\yn098\youssef's project\Aurora\flutter\aurora_ecommerse\vite-react\[39mnode_modules\[4mreact-dom[24m\cjs\react-dom.development.js:27078:3[90m)[39m
    at flushPassiveEffects [90m(c:\Users\yn098\youssef's project\Aurora\flutter\aurora_ecommerse\vite-react\[39mnode_modules\[4mreact-dom[24m\cjs\react-dom.development.js:27023:14[90m)[39m
    at performSyncWorkOnRoot [90m(c:\Users\yn098\youssef's project\Aurora\flutter\aurora_ecommerse\vite-react\[39mnode_modules\[4mreact-dom[24m\cjs\react-dom.development.js:26115:3[90m)[39m
Error: Uncaught [TypeError: Cannot read properties of undefined (reading 'subscribe')]
    at reportException (C:\Users\yn098\youssef's project\Aurora\flutter\aurora_ecommerse\vite-react\node_modules\jsdom\lib\jsdom\living\helpers\runtime-script-errors.js:66:24)
    at innerInvokeEventListeners (C:\Users\yn098\youssef's project\Aurora\flutter\aurora_ecommerse\vite-react\node_modules\jsdom\lib\jsdom\living\events\EventTarget-impl.js:353:9)
    at invokeEventListeners (C:\Users\yn098\youssef's project\Aurora\flutter\aurora_ecommerse\vite-react\node_modules\jsdom\lib\jsdom\living\events\EventTarget-impl.js:286:3)
    at HTMLUnknownElementImpl._dispatch (C:\Users\yn098\youssef's project\Aurora\flutter\aurora_ecommerse\vite-react\node_modules\jsdom\lib\jsdom\living\events\EventTarget-impl.js:233:9)
    at HTMLUnknownElementImpl.dispatchEvent (C:\Users\yn098\youssef's project\Aurora\flutter\aurora_ecommerse\vite-react\node_modules\jsdom\lib\jsdom\living\events\EventTarget-impl.js:104:17)
    at HTMLUnknownElement.dispatchEvent (C:\Users\yn098\youssef's project\Aurora\flutter\aurora_ecommerse\vite-react\node_modules\jsdom\lib\jsdom\living\generated\EventTarget.js:241:34)
    at Object.invokeGuardedCallbackDev (c:\Users\yn098\youssef's project\Aurora\flutter\aurora_ecommerse\vite-react\node_modules\react-dom\cjs\react-dom.development.js:4213:16)
    at invokeGuardedCallback (c:\Users\yn098\youssef's project\Aurora\flutter\aurora_ecommerse\vite-react\node_modules\react-dom\cjs\react-dom.development.js:4277:31)
    at reportUncaughtErrorInDEV (c:\Users\yn098\youssef's project\Aurora\flutter\aurora_ecommerse\vite-react\node_modules\react-dom\cjs\react-dom.development.js:22877:5)
    at captureCommitPhaseError (c:\Users\yn098\youssef's project\Aurora\flutter\aurora_ecommerse\vite-react\node_modules\react-dom\cjs\react-dom.development.js:27165:5) TypeError: Cannot read properties of undefined (reading 'subscribe')
    at [90mc:\Users\yn098\youssef's project\Aurora\flutter\aurora_ecommerse\vite-react\[39msrc\features\services\pages\ServicesHome.tsx:249:7
    at commitHookEffectListMount [90m(c:\Users\yn098\youssef's project\Aurora\flutter\aurora_ecommerse\vite-react\[39mnode_modules\[4mreact-dom[24m\cjs\react-dom.development.js:23189:26[90m)[39m
    at commitPassiveMountOnFiber [90m(c:\Users\yn098\youssef's project\Aurora\flutter\aurora_ecommerse\vite-react\[39mnode_modules\[4mreact-dom[24m\cjs\react-dom.development.js:24970:11[90m)[39m
    at commitPassiveMountEffects_complete [90m(c:\Users\yn098\youssef's project\Aurora\flutter\aurora_ecommerse\vite-react\[39mnode_modules\[4mreact-dom[24m\cjs\react-dom.development.js:24930:9[90m)[39m
    at commitPassiveMountEffects_begin [90m(c:\Users\yn098\youssef's project\Aurora\flutter\aurora_ecommerse\vite-react\[39mnode_modules\[4mreact-dom[24m\cjs\react-dom.development.js:24917:7[90m)[39m
    at commitPassiveMountEffects [90m(c:\Users\yn098\youssef's project\Aurora\flutter\aurora_ecommerse\vite-react\[39mnode_modules\[4mreact-dom[24m\cjs\react-dom.development.js:24905:3[90m)[39m
    at flushPassiveEffectsImpl [90m(c:\Users\yn098\youssef's project\Aurora\flutter\aurora_ecommerse\vite-react\[39mnode_modules\[4mreact-dom[24m\cjs\react-dom.development.js:27078:3[90m)[39m
    at flushPassiveEffects [90m(c:\Users\yn098\youssef's project\Aurora\flutter\aurora_ecommerse\vite-react\[39mnode_modules\[4mreact-dom[24m\cjs\react-dom.development.js:27023:14[90m)[39m
    at performSyncWorkOnRoot [90m(c:\Users\yn098\youssef's project\Aurora\flutter\aurora_ecommerse\vite-react\[39mnode_modules\[4mreact-dom[24m\cjs\react-dom.development.js:26115:3[90m)[39m
    at flushSyncCallbacks [90m(c:\Users\yn098\youssef's project\Aurora\flutter\aurora_ecommerse\vite-react\[39mnode_modules\[4mreact-dom[24m\cjs\react-dom.development.js:12042:22[90m)[39m
The above error occurred in the <ServicesHome> component:

    at ServicesHome (c:\Users\yn098\youssef's project\Aurora\flutter\aurora_ecommerse\vite-react\src\features\services\pages\ServicesHome.tsx:37:42)
    at Router (file:///c:/Users/yn098/youssef's%20project/Aurora/flutter/aurora_ecommerse/vite-react/node_modules/react-router/dist/development/chunk-LFPYN7LY.mjs:6653:13)
    at BrowserRouter (file:///c:/Users/yn098/youssef's%20project/Aurora/flutter/aurora_ecommerse/vite-react/node_modules/react-router/dist/development/chunk-LFPYN7LY.mjs:9904:3)
    at QueryClientProvider (file:///c:/Users/yn098/youssef's%20project/Aurora/flutter/aurora_ecommerse/vite-react/node_modules/@tanstack/react-query/build/modern/QueryClientProvider.js:20:3)

Consider adding an error boundary to your tree to customize error handling behavior.
Visit https://reactjs.org/link/error-boundaries to learn more about error boundaries.

[90mstderr[2m | src/features/services/pages/ServicesHome.test.tsx[2m > [22m[2mServicesHome[2m > [22m[2mHero Section[2m > [22m[2mshould render CTA button for non-authenticated user[22m[39m
Error fetching services data: TypeError: Cannot read properties of undefined (reading 'select')
    at [90mc:\Users\yn098\youssef's project\Aurora\flutter\aurora_ecommerse\vite-react\[39msrc\features\services\pages\ServicesHome.tsx:151:31
    at [90mc:\Users\yn098\youssef's project\Aurora\flutter\aurora_ecommerse\vite-react\[39msrc\features\services\pages\ServicesHome.tsx:227:5
    at commitHookEffectListMount [90m(c:\Users\yn098\youssef's project\Aurora\flutter\aurora_ecommerse\vite-react\[39mnode_modules\[4mreact-dom[24m\cjs\react-dom.development.js:23189:26[90m)[39m
    at commitPassiveMountOnFiber [90m(c:\Users\yn098\youssef's project\Aurora\flutter\aurora_ecommerse\vite-react\[39mnode_modules\[4mreact-dom[24m\cjs\react-dom.development.js:24970:11[90m)[39m
    at commitPassiveMountEffects_complete [90m(c:\Users\yn098\youssef's project\Aurora\flutter\aurora_ecommerse\vite-react\[39mnode_modules\[4mreact-dom[24m\cjs\react-dom.development.js:24930:9[90m)[39m
    at commitPassiveMountEffects_begin [90m(c:\Users\yn098\youssef's project\Aurora\flutter\aurora_ecommerse\vite-react\[39mnode_modules\[4mreact-dom[24m\cjs\react-dom.development.js:24917:7[90m)[39m
    at commitPassiveMountEffects [90m(c:\Users\yn098\youssef's project\Aurora\flutter\aurora_ecommerse\vite-react\[39mnode_modules\[4mreact-dom[24m\cjs\react-dom.development.js:24905:3[90m)[39m
    at flushPassiveEffectsImpl [90m(c:\Users\yn098\youssef's project\Aurora\flutter\aurora_ecommerse\vite-react\[39mnode_modules\[4mreact-dom[24m\cjs\react-dom.development.js:27078:3[90m)[39m
    at flushPassiveEffects [90m(c:\Users\yn098\youssef's project\Aurora\flutter\aurora_ecommerse\vite-react\[39mnode_modules\[4mreact-dom[24m\cjs\react-dom.development.js:27023:14[90m)[39m
    at performSyncWorkOnRoot [90m(c:\Users\yn098\youssef's project\Aurora\flutter\aurora_ecommerse\vite-react\[39mnode_modules\[4mreact-dom[24m\cjs\react-dom.development.js:26115:3[90m)[39m
Error: Uncaught [TypeError: Cannot read properties of undefined (reading 'subscribe')]
    at reportException (C:\Users\yn098\youssef's project\Aurora\flutter\aurora_ecommerse\vite-react\node_modules\jsdom\lib\jsdom\living\helpers\runtime-script-errors.js:66:24)
    at innerInvokeEventListeners (C:\Users\yn098\youssef's project\Aurora\flutter\aurora_ecommerse\vite-react\node_modules\jsdom\lib\jsdom\living\events\EventTarget-impl.js:353:9)
    at invokeEventListeners (C:\Users\yn098\youssef's project\Aurora\flutter\aurora_ecommerse\vite-react\node_modules\jsdom\lib\jsdom\living\events\EventTarget-impl.js:286:3)
    at HTMLUnknownElementImpl._dispatch (C:\Users\yn098\youssef's project\Aurora\flutter\aurora_ecommerse\vite-react\node_modules\jsdom\lib\jsdom\living\events\EventTarget-impl.js:233:9)
    at HTMLUnknownElementImpl.dispatchEvent (C:\Users\yn098\youssef's project\Aurora\flutter\aurora_ecommerse\vite-react\node_modules\jsdom\lib\jsdom\living\events\EventTarget-impl.js:104:17)
    at HTMLUnknownElement.dispatchEvent (C:\Users\yn098\youssef's project\Aurora\flutter\aurora_ecommerse\vite-react\node_modules\jsdom\lib\jsdom\living\generated\EventTarget.js:241:34)
    at Object.invokeGuardedCallbackDev (c:\Users\yn098\youssef's project\Aurora\flutter\aurora_ecommerse\vite-react\node_modules\react-dom\cjs\react-dom.development.js:4213:16)
    at invokeGuardedCallback (c:\Users\yn098\youssef's project\Aurora\flutter\aurora_ecommerse\vite-react\node_modules\react-dom\cjs\react-dom.development.js:4277:31)
    at reportUncaughtErrorInDEV (c:\Users\yn098\youssef's project\Aurora\flutter\aurora_ecommerse\vite-react\node_modules\react-dom\cjs\react-dom.development.js:22877:5)
    at captureCommitPhaseError (c:\Users\yn098\youssef's project\Aurora\flutter\aurora_ecommerse\vite-react\node_modules\react-dom\cjs\react-dom.development.js:27165:5) TypeError: Cannot read properties of undefined (reading 'subscribe')
    at [90mc:\Users\yn098\youssef's project\Aurora\flutter\aurora_ecommerse\vite-react\[39msrc\features\services\pages\ServicesHome.tsx:249:7
    at commitHookEffectListMount [90m(c:\Users\yn098\youssef's project\Aurora\flutter\aurora_ecommerse\vite-react\[39mnode_modules\[4mreact-dom[24m\cjs\react-dom.development.js:23189:26[90m)[39m
    at commitPassiveMountOnFiber [90m(c:\Users\yn098\youssef's project\Aurora\flutter\aurora_ecommerse\vite-react\[39mnode_modules\[4mreact-dom[24m\cjs\react-dom.development.js:24970:11[90m)[39m
    at commitPassiveMountEffects_complete [90m(c:\Users\yn098\youssef's project\Aurora\flutter\aurora_ecommerse\vite-react\[39mnode_modules\[4mreact-dom[24m\cjs\react-dom.development.js:24930:9[90m)[39m
    at commitPassiveMountEffects_begin [90m(c:\Users\yn098\youssef's project\Aurora\flutter\aurora_ecommerse\vite-react\[39mnode_modules\[4mreact-dom[24m\cjs\react-dom.development.js:24917:7[90m)[39m
    at commitPassiveMountEffects [90m(c:\Users\yn098\youssef's project\Aurora\flutter\aurora_ecommerse\vite-react\[39mnode_modules\[4mreact-dom[24m\cjs\react-dom.development.js:24905:3[90m)[39m
    at flushPassiveEffectsImpl [90m(c:\Users\yn098\youssef's project\Aurora\flutter\aurora_ecommerse\vite-react\[39mnode_modules\[4mreact-dom[24m\cjs\react-dom.development.js:27078:3[90m)[39m
    at flushPassiveEffects [90m(c:\Users\yn098\youssef's project\Aurora\flutter\aurora_ecommerse\vite-react\[39mnode_modules\[4mreact-dom[24m\cjs\react-dom.development.js:27023:14[90m)[39m
    at performSyncWorkOnRoot [90m(c:\Users\yn098\youssef's project\Aurora\flutter\aurora_ecommerse\vite-react\[39mnode_modules\[4mreact-dom[24m\cjs\react-dom.development.js:26115:3[90m)[39m
    at flushSyncCallbacks [90m(c:\Users\yn098\youssef's project\Aurora\flutter\aurora_ecommerse\vite-react\[39mnode_modules\[4mreact-dom[24m\cjs\react-dom.development.js:12042:22[90m)[39m
The above error occurred in the <ServicesHome> component:

    at ServicesHome (c:\Users\yn098\youssef's project\Aurora\flutter\aurora_ecommerse\vite-react\src\features\services\pages\ServicesHome.tsx:37:42)
    at Router (file:///c:/Users/yn098/youssef's%20project/Aurora/flutter/aurora_ecommerse/vite-react/node_modules/react-router/dist/development/chunk-LFPYN7LY.mjs:6653:13)
    at BrowserRouter (file:///c:/Users/yn098/youssef's%20project/Aurora/flutter/aurora_ecommerse/vite-react/node_modules/react-router/dist/development/chunk-LFPYN7LY.mjs:9904:3)
    at QueryClientProvider (file:///c:/Users/yn098/youssef's%20project/Aurora/flutter/aurora_ecommerse/vite-react/node_modules/@tanstack/react-query/build/modern/QueryClientProvider.js:20:3)

Consider adding an error boundary to your tree to customize error handling behavior.
Visit https://reactjs.org/link/error-boundaries to learn more about error boundaries.

[90mstderr[2m | src/features/services/pages/ServicesHome.test.tsx[2m > [22m[2mServicesHome[2m > [22m[2mHero Section[2m > [22m[2mshould render CTA button for authenticated user[22m[39m
Error fetching services data: TypeError: Cannot read properties of undefined (reading 'select')
    at [90mc:\Users\yn098\youssef's project\Aurora\flutter\aurora_ecommerse\vite-react\[39msrc\features\services\pages\ServicesHome.tsx:151:31
    at [90mc:\Users\yn098\youssef's project\Aurora\flutter\aurora_ecommerse\vite-react\[39msrc\features\services\pages\ServicesHome.tsx:227:5
    at commitHookEffectListMount [90m(c:\Users\yn098\youssef's project\Aurora\flutter\aurora_ecommerse\vite-react\[39mnode_modules\[4mreact-dom[24m\cjs\react-dom.development.js:23189:26[90m)[39m
    at commitPassiveMountOnFiber [90m(c:\Users\yn098\youssef's project\Aurora\flutter\aurora_ecommerse\vite-react\[39mnode_modules\[4mreact-dom[24m\cjs\react-dom.development.js:24970:11[90m)[39m
    at commitPassiveMountEffects_complete [90m(c:\Users\yn098\youssef's project\Aurora\flutter\aurora_ecommerse\vite-react\[39mnode_modules\[4mreact-dom[24m\cjs\react-dom.development.js:24930:9[90m)[39m
    at commitPassiveMountEffects_begin [90m(c:\Users\yn098\youssef's project\Aurora\flutter\aurora_ecommerse\vite-react\[39mnode_modules\[4mreact-dom[24m\cjs\react-dom.development.js:24917:7[90m)[39m
    at commitPassiveMountEffects [90m(c:\Users\yn098\youssef's project\Aurora\flutter\aurora_ecommerse\vite-react\[39mnode_modules\[4mreact-dom[24m\cjs\react-dom.development.js:24905:3[90m)[39m
    at flushPassiveEffectsImpl [90m(c:\Users\yn098\youssef's project\Aurora\flutter\aurora_ecommerse\vite-react\[39mnode_modules\[4mreact-dom[24m\cjs\react-dom.development.js:27078:3[90m)[39m
    at flushPassiveEffects [90m(c:\Users\yn098\youssef's project\Aurora\flutter\aurora_ecommerse\vite-react\[39mnode_modules\[4mreact-dom[24m\cjs\react-dom.development.js:27023:14[90m)[39m
    at performSyncWorkOnRoot [90m(c:\Users\yn098\youssef's project\Aurora\flutter\aurora_ecommerse\vite-react\[39mnode_modules\[4mreact-dom[24m\cjs\react-dom.development.js:26115:3[90m)[39m
Error: Uncaught [TypeError: Cannot read properties of undefined (reading 'subscribe')]
    at reportException (C:\Users\yn098\youssef's project\Aurora\flutter\aurora_ecommerse\vite-react\node_modules\jsdom\lib\jsdom\living\helpers\runtime-script-errors.js:66:24)
    at innerInvokeEventListeners (C:\Users\yn098\youssef's project\Aurora\flutter\aurora_ecommerse\vite-react\node_modules\jsdom\lib\jsdom\living\events\EventTarget-impl.js:353:9)
    at invokeEventListeners (C:\Users\yn098\youssef's project\Aurora\flutter\aurora_ecommerse\vite-react\node_modules\jsdom\lib\jsdom\living\events\EventTarget-impl.js:286:3)
    at HTMLUnknownElementImpl._dispatch (C:\Users\yn098\youssef's project\Aurora\flutter\aurora_ecommerse\vite-react\node_modules\jsdom\lib\jsdom\living\events\EventTarget-impl.js:233:9)
    at HTMLUnknownElementImpl.dispatchEvent (C:\Users\yn098\youssef's project\Aurora\flutter\aurora_ecommerse\vite-react\node_modules\jsdom\lib\jsdom\living\events\EventTarget-impl.js:104:17)
    at HTMLUnknownElement.dispatchEvent (C:\Users\yn098\youssef's project\Aurora\flutter\aurora_ecommerse\vite-react\node_modules\jsdom\lib\jsdom\living\generated\EventTarget.js:241:34)
    at Object.invokeGuardedCallbackDev (c:\Users\yn098\youssef's project\Aurora\flutter\aurora_ecommerse\vite-react\node_modules\react-dom\cjs\react-dom.development.js:4213:16)
    at invokeGuardedCallback (c:\Users\yn098\youssef's project\Aurora\flutter\aurora_ecommerse\vite-react\node_modules\react-dom\cjs\react-dom.development.js:4277:31)
    at reportUncaughtErrorInDEV (c:\Users\yn098\youssef's project\Aurora\flutter\aurora_ecommerse\vite-react\node_modules\react-dom\cjs\react-dom.development.js:22877:5)
    at captureCommitPhaseError (c:\Users\yn098\youssef's project\Aurora\flutter\aurora_ecommerse\vite-react\node_modules\react-dom\cjs\react-dom.development.js:27165:5) TypeError: Cannot read properties of undefined (reading 'subscribe')
    at [90mc:\Users\yn098\youssef's project\Aurora\flutter\aurora_ecommerse\vite-react\[39msrc\features\services\pages\ServicesHome.tsx:249:7
    at commitHookEffectListMount [90m(c:\Users\yn098\youssef's project\Aurora\flutter\aurora_ecommerse\vite-react\[39mnode_modules\[4mreact-dom[24m\cjs\react-dom.development.js:23189:26[90m)[39m
    at commitPassiveMountOnFiber [90m(c:\Users\yn098\youssef's project\Aurora\flutter\aurora_ecommerse\vite-react\[39mnode_modules\[4mreact-dom[24m\cjs\react-dom.development.js:24970:11[90m)[39m
    at commitPassiveMountEffects_complete [90m(c:\Users\yn098\youssef's project\Aurora\flutter\aurora_ecommerse\vite-react\[39mnode_modules\[4mreact-dom[24m\cjs\react-dom.development.js:24930:9[90m)[39m
    at commitPassiveMountEffects_begin [90m(c:\Users\yn098\youssef's project\Aurora\flutter\aurora_ecommerse\vite-react\[39mnode_modules\[4mreact-dom[24m\cjs\react-dom.development.js:24917:7[90m)[39m
    at commitPassiveMountEffects [90m(c:\Users\yn098\youssef's project\Aurora\flutter\aurora_ecommerse\vite-react\[39mnode_modules\[4mreact-dom[24m\cjs\react-dom.development.js:24905:3[90m)[39m
    at flushPassiveEffectsImpl [90m(c:\Users\yn098\youssef's project\Aurora\flutter\aurora_ecommerse\vite-react\[39mnode_modules\[4mreact-dom[24m\cjs\react-dom.development.js:27078:3[90m)[39m
    at flushPassiveEffects [90m(c:\Users\yn098\youssef's project\Aurora\flutter\aurora_ecommerse\vite-react\[39mnode_modules\[4mreact-dom[24m\cjs\react-dom.development.js:27023:14[90m)[39m
    at performSyncWorkOnRoot [90m(c:\Users\yn098\youssef's project\Aurora\flutter\aurora_ecommerse\vite-react\[39mnode_modules\[4mreact-dom[24m\cjs\react-dom.development.js:26115:3[90m)[39m
    at flushSyncCallbacks [90m(c:\Users\yn098\youssef's project\Aurora\flutter\aurora_ecommerse\vite-react\[39mnode_modules\[4mreact-dom[24m\cjs\react-dom.development.js:12042:22[90m)[39m
The above error occurred in the <ServicesHome> component:

    at ServicesHome (c:\Users\yn098\youssef's project\Aurora\flutter\aurora_ecommerse\vite-react\src\features\services\pages\ServicesHome.tsx:37:42)
    at Router (file:///c:/Users/yn098/youssef's%20project/Aurora/flutter/aurora_ecommerse/vite-react/node_modules/react-router/dist/development/chunk-LFPYN7LY.mjs:6653:13)
    at BrowserRouter (file:///c:/Users/yn098/youssef's%20project/Aurora/flutter/aurora_ecommerse/vite-react/node_modules/react-router/dist/development/chunk-LFPYN7LY.mjs:9904:3)
    at QueryClientProvider (file:///c:/Users/yn098/youssef's%20project/Aurora/flutter/aurora_ecommerse/vite-react/node_modules/@tanstack/react-query/build/modern/QueryClientProvider.js:20:3)

Consider adding an error boundary to your tree to customize error handling behavior.
Visit https://reactjs.org/link/error-boundaries to learn more about error boundaries.

[90mstderr[2m | src/features/services/pages/ServicesHome.test.tsx[2m > [22m[2mServicesHome[2m > [22m[2mHero Section[2m > [22m[2mshould allow typing in search input[22m[39m
Error fetching services data: TypeError: Cannot read properties of undefined (reading 'select')
    at [90mc:\Users\yn098\youssef's project\Aurora\flutter\aurora_ecommerse\vite-react\[39msrc\features\services\pages\ServicesHome.tsx:151:31
    at [90mc:\Users\yn098\youssef's project\Aurora\flutter\aurora_ecommerse\vite-react\[39msrc\features\services\pages\ServicesHome.tsx:227:5
    at commitHookEffectListMount [90m(c:\Users\yn098\youssef's project\Aurora\flutter\aurora_ecommerse\vite-react\[39mnode_modules\[4mreact-dom[24m\cjs\react-dom.development.js:23189:26[90m)[39m
    at commitPassiveMountOnFiber [90m(c:\Users\yn098\youssef's project\Aurora\flutter\aurora_ecommerse\vite-react\[39mnode_modules\[4mreact-dom[24m\cjs\react-dom.development.js:24970:11[90m)[39m
    at commitPassiveMountEffects_complete [90m(c:\Users\yn098\youssef's project\Aurora\flutter\aurora_ecommerse\vite-react\[39mnode_modules\[4mreact-dom[24m\cjs\react-dom.development.js:24930:9[90m)[39m
    at commitPassiveMountEffects_begin [90m(c:\Users\yn098\youssef's project\Aurora\flutter\aurora_ecommerse\vite-react\[39mnode_modules\[4mreact-dom[24m\cjs\react-dom.development.js:24917:7[90m)[39m
    at commitPassiveMountEffects [90m(c:\Users\yn098\youssef's project\Aurora\flutter\aurora_ecommerse\vite-react\[39mnode_modules\[4mreact-dom[24m\cjs\react-dom.development.js:24905:3[90m)[39m
    at flushPassiveEffectsImpl [90m(c:\Users\yn098\youssef's project\Aurora\flutter\aurora_ecommerse\vite-react\[39mnode_modules\[4mreact-dom[24m\cjs\react-dom.development.js:27078:3[90m)[39m
    at flushPassiveEffects [90m(c:\Users\yn098\youssef's project\Aurora\flutter\aurora_ecommerse\vite-react\[39mnode_modules\[4mreact-dom[24m\cjs\react-dom.development.js:27023:14[90m)[39m
    at performSyncWorkOnRoot [90m(c:\Users\yn098\youssef's project\Aurora\flutter\aurora_ecommerse\vite-react\[39mnode_modules\[4mreact-dom[24m\cjs\react-dom.development.js:26115:3[90m)[39m
Error: Uncaught [TypeError: Cannot read properties of undefined (reading 'subscribe')]
    at reportException (C:\Users\yn098\youssef's project\Aurora\flutter\aurora_ecommerse\vite-react\node_modules\jsdom\lib\jsdom\living\helpers\runtime-script-errors.js:66:24)
    at innerInvokeEventListeners (C:\Users\yn098\youssef's project\Aurora\flutter\aurora_ecommerse\vite-react\node_modules\jsdom\lib\jsdom\living\events\EventTarget-impl.js:353:9)
    at invokeEventListeners (C:\Users\yn098\youssef's project\Aurora\flutter\aurora_ecommerse\vite-react\node_modules\jsdom\lib\jsdom\living\events\EventTarget-impl.js:286:3)
    at HTMLUnknownElementImpl._dispatch (C:\Users\yn098\youssef's project\Aurora\flutter\aurora_ecommerse\vite-react\node_modules\jsdom\lib\jsdom\living\events\EventTarget-impl.js:233:9)
    at HTMLUnknownElementImpl.dispatchEvent (C:\Users\yn098\youssef's project\Aurora\flutter\aurora_ecommerse\vite-react\node_modules\jsdom\lib\jsdom\living\events\EventTarget-impl.js:104:17)
    at HTMLUnknownElement.dispatchEvent (C:\Users\yn098\youssef's project\Aurora\flutter\aurora_ecommerse\vite-react\node_modules\jsdom\lib\jsdom\living\generated\EventTarget.js:241:34)
    at Object.invokeGuardedCallbackDev (c:\Users\yn098\youssef's project\Aurora\flutter\aurora_ecommerse\vite-react\node_modules\react-dom\cjs\react-dom.development.js:4213:16)
    at invokeGuardedCallback (c:\Users\yn098\youssef's project\Aurora\flutter\aurora_ecommerse\vite-react\node_modules\react-dom\cjs\react-dom.development.js:4277:31)
    at reportUncaughtErrorInDEV (c:\Users\yn098\youssef's project\Aurora\flutter\aurora_ecommerse\vite-react\node_modules\react-dom\cjs\react-dom.development.js:22877:5)
    at captureCommitPhaseError (c:\Users\yn098\youssef's project\Aurora\flutter\aurora_ecommerse\vite-react\node_modules\react-dom\cjs\react-dom.development.js:27165:5) TypeError: Cannot read properties of undefined (reading 'subscribe')
    at [90mc:\Users\yn098\youssef's project\Aurora\flutter\aurora_ecommerse\vite-react\[39msrc\features\services\pages\ServicesHome.tsx:249:7
    at commitHookEffectListMount [90m(c:\Users\yn098\youssef's project\Aurora\flutter\aurora_ecommerse\vite-react\[39mnode_modules\[4mreact-dom[24m\cjs\react-dom.development.js:23189:26[90m)[39m
    at commitPassiveMountOnFiber [90m(c:\Users\yn098\youssef's project\Aurora\flutter\aurora_ecommerse\vite-react\[39mnode_modules\[4mreact-dom[24m\cjs\react-dom.development.js:24970:11[90m)[39m
    at commitPassiveMountEffects_complete [90m(c:\Users\yn098\youssef's project\Aurora\flutter\aurora_ecommerse\vite-react\[39mnode_modules\[4mreact-dom[24m\cjs\react-dom.development.js:24930:9[90m)[39m
    at commitPassiveMountEffects_begin [90m(c:\Users\yn098\youssef's project\Aurora\flutter\aurora_ecommerse\vite-react\[39mnode_modules\[4mreact-dom[24m\cjs\react-dom.development.js:24917:7[90m)[39m
    at commitPassiveMountEffects [90m(c:\Users\yn098\youssef's project\Aurora\flutter\aurora_ecommerse\vite-react\[39mnode_modules\[4mreact-dom[24m\cjs\react-dom.development.js:24905:3[90m)[39m
    at flushPassiveEffectsImpl [90m(c:\Users\yn098\youssef's project\Aurora\flutter\aurora_ecommerse\vite-react\[39mnode_modules\[4mreact-dom[24m\cjs\react-dom.development.js:27078:3[90m)[39m
    at flushPassiveEffects [90m(c:\Users\yn098\youssef's project\Aurora\flutter\aurora_ecommerse\vite-react\[39mnode_modules\[4mreact-dom[24m\cjs\react-dom.development.js:27023:14[90m)[39m
    at performSyncWorkOnRoot [90m(c:\Users\yn098\youssef's project\Aurora\flutter\aurora_ecommerse\vite-react\[39mnode_modules\[4mreact-dom[24m\cjs\react-dom.development.js:26115:3[90m)[39m
    at flushSyncCallbacks [90m(c:\Users\yn098\youssef's project\Aurora\flutter\aurora_ecommerse\vite-react\[39mnode_modules\[4mreact-dom[24m\cjs\react-dom.development.js:12042:22[90m)[39m
The above error occurred in the <ServicesHome> component:

    at ServicesHome (c:\Users\yn098\youssef's project\Aurora\flutter\aurora_ecommerse\vite-react\src\features\services\pages\ServicesHome.tsx:37:42)
    at Router (file:///c:/Users/yn098/youssef's%20project/Aurora/flutter/aurora_ecommerse/vite-react/node_modules/react-router/dist/development/chunk-LFPYN7LY.mjs:6653:13)
    at BrowserRouter (file:///c:/Users/yn098/youssef's%20project/Aurora/flutter/aurora_ecommerse/vite-react/node_modules/react-router/dist/development/chunk-LFPYN7LY.mjs:9904:3)
    at QueryClientProvider (file:///c:/Users/yn098/youssef's%20project/Aurora/flutter/aurora_ecommerse/vite-react/node_modules/@tanstack/react-query/build/modern/QueryClientProvider.js:20:3)

Consider adding an error boundary to your tree to customize error handling behavior.
Visit https://reactjs.org/link/error-boundaries to learn more about error boundaries.

[90mstderr[2m | src/features/services/pages/ServicesHome.test.tsx[2m > [22m[2mServicesHome[2m > [22m[2mTrust Indicators[2m > [22m[2mshould render trust indicators section[22m[39m
Error fetching services data: TypeError: Cannot read properties of undefined (reading 'select')
    at [90mc:\Users\yn098\youssef's project\Aurora\flutter\aurora_ecommerse\vite-react\[39msrc\features\services\pages\ServicesHome.tsx:151:31
    at [90mc:\Users\yn098\youssef's project\Aurora\flutter\aurora_ecommerse\vite-react\[39msrc\features\services\pages\ServicesHome.tsx:227:5
    at commitHookEffectListMount [90m(c:\Users\yn098\youssef's project\Aurora\flutter\aurora_ecommerse\vite-react\[39mnode_modules\[4mreact-dom[24m\cjs\react-dom.development.js:23189:26[90m)[39m
    at commitPassiveMountOnFiber [90m(c:\Users\yn098\youssef's project\Aurora\flutter\aurora_ecommerse\vite-react\[39mnode_modules\[4mreact-dom[24m\cjs\react-dom.development.js:24970:11[90m)[39m
    at commitPassiveMountEffects_complete [90m(c:\Users\yn098\youssef's project\Aurora\flutter\aurora_ecommerse\vite-react\[39mnode_modules\[4mreact-dom[24m\cjs\react-dom.development.js:24930:9[90m)[39m
    at commitPassiveMountEffects_begin [90m(c:\Users\yn098\youssef's project\Aurora\flutter\aurora_ecommerse\vite-react\[39mnode_modules\[4mreact-dom[24m\cjs\react-dom.development.js:24917:7[90m)[39m
    at commitPassiveMountEffects [90m(c:\Users\yn098\youssef's project\Aurora\flutter\aurora_ecommerse\vite-react\[39mnode_modules\[4mreact-dom[24m\cjs\react-dom.development.js:24905:3[90m)[39m
    at flushPassiveEffectsImpl [90m(c:\Users\yn098\youssef's project\Aurora\flutter\aurora_ecommerse\vite-react\[39mnode_modules\[4mreact-dom[24m\cjs\react-dom.development.js:27078:3[90m)[39m
    at flushPassiveEffects [90m(c:\Users\yn098\youssef's project\Aurora\flutter\aurora_ecommerse\vite-react\[39mnode_modules\[4mreact-dom[24m\cjs\react-dom.development.js:27023:14[90m)[39m
    at performSyncWorkOnRoot [90m(c:\Users\yn098\youssef's project\Aurora\flutter\aurora_ecommerse\vite-react\[39mnode_modules\[4mreact-dom[24m\cjs\react-dom.development.js:26115:3[90m)[39m
Error: Uncaught [TypeError: Cannot read properties of undefined (reading 'subscribe')]
    at reportException (C:\Users\yn098\youssef's project\Aurora\flutter\aurora_ecommerse\vite-react\node_modules\jsdom\lib\jsdom\living\helpers\runtime-script-errors.js:66:24)
    at innerInvokeEventListeners (C:\Users\yn098\youssef's project\Aurora\flutter\aurora_ecommerse\vite-react\node_modules\jsdom\lib\jsdom\living\events\EventTarget-impl.js:353:9)
    at invokeEventListeners (C:\Users\yn098\youssef's project\Aurora\flutter\aurora_ecommerse\vite-react\node_modules\jsdom\lib\jsdom\living\events\EventTarget-impl.js:286:3)
    at HTMLUnknownElementImpl._dispatch (C:\Users\yn098\youssef's project\Aurora\flutter\aurora_ecommerse\vite-react\node_modules\jsdom\lib\jsdom\living\events\EventTarget-impl.js:233:9)
    at HTMLUnknownElementImpl.dispatchEvent (C:\Users\yn098\youssef's project\Aurora\flutter\aurora_ecommerse\vite-react\node_modules\jsdom\lib\jsdom\living\events\EventTarget-impl.js:104:17)
    at HTMLUnknownElement.dispatchEvent (C:\Users\yn098\youssef's project\Aurora\flutter\aurora_ecommerse\vite-react\node_modules\jsdom\lib\jsdom\living\generated\EventTarget.js:241:34)
    at Object.invokeGuardedCallbackDev (c:\Users\yn098\youssef's project\Aurora\flutter\aurora_ecommerse\vite-react\node_modules\react-dom\cjs\react-dom.development.js:4213:16)
    at invokeGuardedCallback (c:\Users\yn098\youssef's project\Aurora\flutter\aurora_ecommerse\vite-react\node_modules\react-dom\cjs\react-dom.development.js:4277:31)
    at reportUncaughtErrorInDEV (c:\Users\yn098\youssef's project\Aurora\flutter\aurora_ecommerse\vite-react\node_modules\react-dom\cjs\react-dom.development.js:22877:5)
    at captureCommitPhaseError (c:\Users\yn098\youssef's project\Aurora\flutter\aurora_ecommerse\vite-react\node_modules\react-dom\cjs\react-dom.development.js:27165:5) TypeError: Cannot read properties of undefined (reading 'subscribe')
    at [90mc:\Users\yn098\youssef's project\Aurora\flutter\aurora_ecommerse\vite-react\[39msrc\features\services\pages\ServicesHome.tsx:249:7
    at commitHookEffectListMount [90m(c:\Users\yn098\youssef's project\Aurora\flutter\aurora_ecommerse\vite-react\[39mnode_modules\[4mreact-dom[24m\cjs\react-dom.development.js:23189:26[90m)[39m
    at commitPassiveMountOnFiber [90m(c:\Users\yn098\youssef's project\Aurora\flutter\aurora_ecommerse\vite-react\[39mnode_modules\[4mreact-dom[24m\cjs\react-dom.development.js:24970:11[90m)[39m
    at commitPassiveMountEffects_complete [90m(c:\Users\yn098\youssef's project\Aurora\flutter\aurora_ecommerse\vite-react\[39mnode_modules\[4mreact-dom[24m\cjs\react-dom.development.js:24930:9[90m)[39m
    at commitPassiveMountEffects_begin [90m(c:\Users\yn098\youssef's project\Aurora\flutter\aurora_ecommerse\vite-react\[39mnode_modules\[4mreact-dom[24m\cjs\react-dom.development.js:24917:7[90m)[39m
    at commitPassiveMountEffects [90m(c:\Users\yn098\youssef's project\Aurora\flutter\aurora_ecommerse\vite-react\[39mnode_modules\[4mreact-dom[24m\cjs\react-dom.development.js:24905:3[90m)[39m
    at flushPassiveEffectsImpl [90m(c:\Users\yn098\youssef's project\Aurora\flutter\aurora_ecommerse\vite-react\[39mnode_modules\[4mreact-dom[24m\cjs\react-dom.development.js:27078:3[90m)[39m
    at flushPassiveEffects [90m(c:\Users\yn098\youssef's project\Aurora\flutter\aurora_ecommerse\vite-react\[39mnode_modules\[4mreact-dom[24m\cjs\react-dom.development.js:27023:14[90m)[39m
    at performSyncWorkOnRoot [90m(c:\Users\yn098\youssef's project\Aurora\flutter\aurora_ecommerse\vite-react\[39mnode_modules\[4mreact-dom[24m\cjs\react-dom.development.js:26115:3[90m)[39m
    at flushSyncCallbacks [90m(c:\Users\yn098\youssef's project\Aurora\flutter\aurora_ecommerse\vite-react\[39mnode_modules\[4mreact-dom[24m\cjs\react-dom.development.js:12042:22[90m)[39m
The above error occurred in the <ServicesHome> component:

    at ServicesHome (c:\Users\yn098\youssef's project\Aurora\flutter\aurora_ecommerse\vite-react\src\features\services\pages\ServicesHome.tsx:37:42)
    at Router (file:///c:/Users/yn098/youssef's%20project/Aurora/flutter/aurora_ecommerse/vite-react/node_modules/react-router/dist/development/chunk-LFPYN7LY.mjs:6653:13)
    at BrowserRouter (file:///c:/Users/yn098/youssef's%20project/Aurora/flutter/aurora_ecommerse/vite-react/node_modules/react-router/dist/development/chunk-LFPYN7LY.mjs:9904:3)
    at QueryClientProvider (file:///c:/Users/yn098/youssef's%20project/Aurora/flutter/aurora_ecommerse/vite-react/node_modules/@tanstack/react-query/build/modern/QueryClientProvider.js:20:3)

Consider adding an error boundary to your tree to customize error handling behavior.
Visit https://reactjs.org/link/error-boundaries to learn more about error boundaries.

[90mstderr[2m | src/features/services/pages/ServicesHome.test.tsx[2m > [22m[2mServicesHome[2m > [22m[2mTrust Indicators[2m > [22m[2mshould display Secure Payments indicator[22m[39m
Error fetching services data: TypeError: Cannot read properties of undefined (reading 'select')
    at [90mc:\Users\yn098\youssef's project\Aurora\flutter\aurora_ecommerse\vite-react\[39msrc\features\services\pages\ServicesHome.tsx:151:31
    at [90mc:\Users\yn098\youssef's project\Aurora\flutter\aurora_ecommerse\vite-react\[39msrc\features\services\pages\ServicesHome.tsx:227:5
    at commitHookEffectListMount [90m(c:\Users\yn098\youssef's project\Aurora\flutter\aurora_ecommerse\vite-react\[39mnode_modules\[4mreact-dom[24m\cjs\react-dom.development.js:23189:26[90m)[39m
    at commitPassiveMountOnFiber [90m(c:\Users\yn098\youssef's project\Aurora\flutter\aurora_ecommerse\vite-react\[39mnode_modules\[4mreact-dom[24m\cjs\react-dom.development.js:24970:11[90m)[39m
    at commitPassiveMountEffects_complete [90m(c:\Users\yn098\youssef's project\Aurora\flutter\aurora_ecommerse\vite-react\[39mnode_modules\[4mreact-dom[24m\cjs\react-dom.development.js:24930:9[90m)[39m
    at commitPassiveMountEffects_begin [90m(c:\Users\yn098\youssef's project\Aurora\flutter\aurora_ecommerse\vite-react\[39mnode_modules\[4mreact-dom[24m\cjs\react-dom.development.js:24917:7[90m)[39m
    at commitPassiveMountEffects [90m(c:\Users\yn098\youssef's project\Aurora\flutter\aurora_ecommerse\vite-react\[39mnode_modules\[4mreact-dom[24m\cjs\react-dom.development.js:24905:3[90m)[39m
    at flushPassiveEffectsImpl [90m(c:\Users\yn098\youssef's project\Aurora\flutter\aurora_ecommerse\vite-react\[39mnode_modules\[4mreact-dom[24m\cjs\react-dom.development.js:27078:3[90m)[39m
    at flushPassiveEffects [90m(c:\Users\yn098\youssef's project\Aurora\flutter\aurora_ecommerse\vite-react\[39mnode_modules\[4mreact-dom[24m\cjs\react-dom.development.js:27023:14[90m)[39m
    at performSyncWorkOnRoot [90m(c:\Users\yn098\youssef's project\Aurora\flutter\aurora_ecommerse\vite-react\[39mnode_modules\[4mreact-dom[24m\cjs\react-dom.development.js:26115:3[90m)[39m
Error: Uncaught [TypeError: Cannot read properties of undefined (reading 'subscribe')]
    at reportException (C:\Users\yn098\youssef's project\Aurora\flutter\aurora_ecommerse\vite-react\node_modules\jsdom\lib\jsdom\living\helpers\runtime-script-errors.js:66:24)
    at innerInvokeEventListeners (C:\Users\yn098\youssef's project\Aurora\flutter\aurora_ecommerse\vite-react\node_modules\jsdom\lib\jsdom\living\events\EventTarget-impl.js:353:9)
    at invokeEventListeners (C:\Users\yn098\youssef's project\Aurora\flutter\aurora_ecommerse\vite-react\node_modules\jsdom\lib\jsdom\living\events\EventTarget-impl.js:286:3)
    at HTMLUnknownElementImpl._dispatch (C:\Users\yn098\youssef's project\Aurora\flutter\aurora_ecommerse\vite-react\node_modules\jsdom\lib\jsdom\living\events\EventTarget-impl.js:233:9)
    at HTMLUnknownElementImpl.dispatchEvent (C:\Users\yn098\youssef's project\Aurora\flutter\aurora_ecommerse\vite-react\node_modules\jsdom\lib\jsdom\living\events\EventTarget-impl.js:104:17)
    at HTMLUnknownElement.dispatchEvent (C:\Users\yn098\youssef's project\Aurora\flutter\aurora_ecommerse\vite-react\node_modules\jsdom\lib\jsdom\living\generated\EventTarget.js:241:34)
    at Object.invokeGuardedCallbackDev (c:\Users\yn098\youssef's project\Aurora\flutter\aurora_ecommerse\vite-react\node_modules\react-dom\cjs\react-dom.development.js:4213:16)
    at invokeGuardedCallback (c:\Users\yn098\youssef's project\Aurora\flutter\aurora_ecommerse\vite-react\node_modules\react-dom\cjs\react-dom.development.js:4277:31)
    at reportUncaughtErrorInDEV (c:\Users\yn098\youssef's project\Aurora\flutter\aurora_ecommerse\vite-react\node_modules\react-dom\cjs\react-dom.development.js:22877:5)
    at captureCommitPhaseError (c:\Users\yn098\youssef's project\Aurora\flutter\aurora_ecommerse\vite-react\node_modules\react-dom\cjs\react-dom.development.js:27165:5) TypeError: Cannot read properties of undefined (reading 'subscribe')
    at [90mc:\Users\yn098\youssef's project\Aurora\flutter\aurora_ecommerse\vite-react\[39msrc\features\services\pages\ServicesHome.tsx:249:7
    at commitHookEffectListMount [90m(c:\Users\yn098\youssef's project\Aurora\flutter\aurora_ecommerse\vite-react\[39mnode_modules\[4mreact-dom[24m\cjs\react-dom.development.js:23189:26[90m)[39m
    at commitPassiveMountOnFiber [90m(c:\Users\yn098\youssef's project\Aurora\flutter\aurora_ecommerse\vite-react\[39mnode_modules\[4mreact-dom[24m\cjs\react-dom.development.js:24970:11[90m)[39m
    at commitPassiveMountEffects_complete [90m(c:\Users\yn098\youssef's project\Aurora\flutter\aurora_ecommerse\vite-react\[39mnode_modules\[4mreact-dom[24m\cjs\react-dom.development.js:24930:9[90m)[39m
    at commitPassiveMountEffects_begin [90m(c:\Users\yn098\youssef's project\Aurora\flutter\aurora_ecommerse\vite-react\[39mnode_modules\[4mreact-dom[24m\cjs\react-dom.development.js:24917:7[90m)[39m
    at commitPassiveMountEffects [90m(c:\Users\yn098\youssef's project\Aurora\flutter\aurora_ecommerse\vite-react\[39mnode_modules\[4mreact-dom[24m\cjs\react-dom.development.js:24905:3[90m)[39m
    at flushPassiveEffectsImpl [90m(c:\Users\yn098\youssef's project\Aurora\flutter\aurora_ecommerse\vite-react\[39mnode_modules\[4mreact-dom[24m\cjs\react-dom.development.js:27078:3[90m)[39m
    at flushPassiveEffects [90m(c:\Users\yn098\youssef's project\Aurora\flutter\aurora_ecommerse\vite-react\[39mnode_modules\[4mreact-dom[24m\cjs\react-dom.development.js:27023:14[90m)[39m
    at performSyncWorkOnRoot [90m(c:\Users\yn098\youssef's project\Aurora\flutter\aurora_ecommerse\vite-react\[39mnode_modules\[4mreact-dom[24m\cjs\react-dom.development.js:26115:3[90m)[39m
    at flushSyncCallbacks [90m(c:\Users\yn098\youssef's project\Aurora\flutter\aurora_ecommerse\vite-react\[39mnode_modules\[4mreact-dom[24m\cjs\react-dom.development.js:12042:22[90m)[39m
The above error occurred in the <ServicesHome> component:

    at ServicesHome (c:\Users\yn098\youssef's project\Aurora\flutter\aurora_ecommerse\vite-react\src\features\services\pages\ServicesHome.tsx:37:42)
    at Router (file:///c:/Users/yn098/youssef's%20project/Aurora/flutter/aurora_ecommerse/vite-react/node_modules/react-router/dist/development/chunk-LFPYN7LY.mjs:6653:13)
    at BrowserRouter (file:///c:/Users/yn098/youssef's%20project/Aurora/flutter/aurora_ecommerse/vite-react/node_modules/react-router/dist/development/chunk-LFPYN7LY.mjs:9904:3)
    at QueryClientProvider (file:///c:/Users/yn098/youssef's%20project/Aurora/flutter/aurora_ecommerse/vite-react/node_modules/@tanstack/react-query/build/modern/QueryClientProvider.js:20:3)

Consider adding an error boundary to your tree to customize error handling behavior.
Visit https://reactjs.org/link/error-boundaries to learn more about error boundaries.

[90mstderr[2m | src/features/services/pages/ServicesHome.test.tsx[2m > [22m[2mServicesHome[2m > [22m[2mCategories[2m > [22m[2mshould render categories section[22m[39m
Error fetching services data: TypeError: Cannot read properties of undefined (reading 'select')
    at [90mc:\Users\yn098\youssef's project\Aurora\flutter\aurora_ecommerse\vite-react\[39msrc\features\services\pages\ServicesHome.tsx:151:31
    at [90mc:\Users\yn098\youssef's project\Aurora\flutter\aurora_ecommerse\vite-react\[39msrc\features\services\pages\ServicesHome.tsx:227:5
    at commitHookEffectListMount [90m(c:\Users\yn098\youssef's project\Aurora\flutter\aurora_ecommerse\vite-react\[39mnode_modules\[4mreact-dom[24m\cjs\react-dom.development.js:23189:26[90m)[39m
    at commitPassiveMountOnFiber [90m(c:\Users\yn098\youssef's project\Aurora\flutter\aurora_ecommerse\vite-react\[39mnode_modules\[4mreact-dom[24m\cjs\react-dom.development.js:24970:11[90m)[39m
    at commitPassiveMountEffects_complete [90m(c:\Users\yn098\youssef's project\Aurora\flutter\aurora_ecommerse\vite-react\[39mnode_modules\[4mreact-dom[24m\cjs\react-dom.development.js:24930:9[90m)[39m
    at commitPassiveMountEffects_begin [90m(c:\Users\yn098\youssef's project\Aurora\flutter\aurora_ecommerse\vite-react\[39mnode_modules\[4mreact-dom[24m\cjs\react-dom.development.js:24917:7[90m)[39m
    at commitPassiveMountEffects [90m(c:\Users\yn098\youssef's project\Aurora\flutter\aurora_ecommerse\vite-react\[39mnode_modules\[4mreact-dom[24m\cjs\react-dom.development.js:24905:3[90m)[39m
    at flushPassiveEffectsImpl [90m(c:\Users\yn098\youssef's project\Aurora\flutter\aurora_ecommerse\vite-react\[39mnode_modules\[4mreact-dom[24m\cjs\react-dom.development.js:27078:3[90m)[39m
    at flushPassiveEffects [90m(c:\Users\yn098\youssef's project\Aurora\flutter\aurora_ecommerse\vite-react\[39mnode_modules\[4mreact-dom[24m\cjs\react-dom.development.js:27023:14[90m)[39m
    at performSyncWorkOnRoot [90m(c:\Users\yn098\youssef's project\Aurora\flutter\aurora_ecommerse\vite-react\[39mnode_modules\[4mreact-dom[24m\cjs\react-dom.development.js:26115:3[90m)[39m
Error: Uncaught [TypeError: Cannot read properties of undefined (reading 'subscribe')]
    at reportException (C:\Users\yn098\youssef's project\Aurora\flutter\aurora_ecommerse\vite-react\node_modules\jsdom\lib\jsdom\living\helpers\runtime-script-errors.js:66:24)
    at innerInvokeEventListeners (C:\Users\yn098\youssef's project\Aurora\flutter\aurora_ecommerse\vite-react\node_modules\jsdom\lib\jsdom\living\events\EventTarget-impl.js:353:9)
    at invokeEventListeners (C:\Users\yn098\youssef's project\Aurora\flutter\aurora_ecommerse\vite-react\node_modules\jsdom\lib\jsdom\living\events\EventTarget-impl.js:286:3)
    at HTMLUnknownElementImpl._dispatch (C:\Users\yn098\youssef's project\Aurora\flutter\aurora_ecommerse\vite-react\node_modules\jsdom\lib\jsdom\living\events\EventTarget-impl.js:233:9)
    at HTMLUnknownElementImpl.dispatchEvent (C:\Users\yn098\youssef's project\Aurora\flutter\aurora_ecommerse\vite-react\node_modules\jsdom\lib\jsdom\living\events\EventTarget-impl.js:104:17)
    at HTMLUnknownElement.dispatchEvent (C:\Users\yn098\youssef's project\Aurora\flutter\aurora_ecommerse\vite-react\node_modules\jsdom\lib\jsdom\living\generated\EventTarget.js:241:34)
    at Object.invokeGuardedCallbackDev (c:\Users\yn098\youssef's project\Aurora\flutter\aurora_ecommerse\vite-react\node_modules\react-dom\cjs\react-dom.development.js:4213:16)
    at invokeGuardedCallback (c:\Users\yn098\youssef's project\Aurora\flutter\aurora_ecommerse\vite-react\node_modules\react-dom\cjs\react-dom.development.js:4277:31)
    at reportUncaughtErrorInDEV (c:\Users\yn098\youssef's project\Aurora\flutter\aurora_ecommerse\vite-react\node_modules\react-dom\cjs\react-dom.development.js:22877:5)
    at captureCommitPhaseError (c:\Users\yn098\youssef's project\Aurora\flutter\aurora_ecommerse\vite-react\node_modules\react-dom\cjs\react-dom.development.js:27165:5) TypeError: Cannot read properties of undefined (reading 'subscribe')
    at [90mc:\Users\yn098\youssef's project\Aurora\flutter\aurora_ecommerse\vite-react\[39msrc\features\services\pages\ServicesHome.tsx:249:7
    at commitHookEffectListMount [90m(c:\Users\yn098\youssef's project\Aurora\flutter\aurora_ecommerse\vite-react\[39mnode_modules\[4mreact-dom[24m\cjs\react-dom.development.js:23189:26[90m)[39m
    at commitPassiveMountOnFiber [90m(c:\Users\yn098\youssef's project\Aurora\flutter\aurora_ecommerse\vite-react\[39mnode_modules\[4mreact-dom[24m\cjs\react-dom.development.js:24970:11[90m)[39m
    at commitPassiveMountEffects_complete [90m(c:\Users\yn098\youssef's project\Aurora\flutter\aurora_ecommerse\vite-react\[39mnode_modules\[4mreact-dom[24m\cjs\react-dom.development.js:24930:9[90m)[39m
    at commitPassiveMountEffects_begin [90m(c:\Users\yn098\youssef's project\Aurora\flutter\aurora_ecommerse\vite-react\[39mnode_modules\[4mreact-dom[24m\cjs\react-dom.development.js:24917:7[90m)[39m
    at commitPassiveMountEffects [90m(c:\Users\yn098\youssef's project\Aurora\flutter\aurora_ecommerse\vite-react\[39mnode_modules\[4mreact-dom[24m\cjs\react-dom.development.js:24905:3[90m)[39m
    at flushPassiveEffectsImpl [90m(c:\Users\yn098\youssef's project\Aurora\flutter\aurora_ecommerse\vite-react\[39mnode_modules\[4mreact-dom[24m\cjs\react-dom.development.js:27078:3[90m)[39m
    at flushPassiveEffects [90m(c:\Users\yn098\youssef's project\Aurora\flutter\aurora_ecommerse\vite-react\[39mnode_modules\[4mreact-dom[24m\cjs\react-dom.development.js:27023:14[90m)[39m
    at performSyncWorkOnRoot [90m(c:\Users\yn098\youssef's project\Aurora\flutter\aurora_ecommerse\vite-react\[39mnode_modules\[4mreact-dom[24m\cjs\react-dom.development.js:26115:3[90m)[39m
    at flushSyncCallbacks [90m(c:\Users\yn098\youssef's project\Aurora\flutter\aurora_ecommerse\vite-react\[39mnode_modules\[4mreact-dom[24m\cjs\react-dom.development.js:12042:22[90m)[39m
The above error occurred in the <ServicesHome> component:

    at ServicesHome (c:\Users\yn098\youssef's project\Aurora\flutter\aurora_ecommerse\vite-react\src\features\services\pages\ServicesHome.tsx:37:42)
    at Router (file:///c:/Users/yn098/youssef's%20project/Aurora/flutter/aurora_ecommerse/vite-react/node_modules/react-router/dist/development/chunk-LFPYN7LY.mjs:6653:13)
    at BrowserRouter (file:///c:/Users/yn098/youssef's%20project/Aurora/flutter/aurora_ecommerse/vite-react/node_modules/react-router/dist/development/chunk-LFPYN7LY.mjs:9904:3)
    at QueryClientProvider (file:///c:/Users/yn098/youssef's%20project/Aurora/flutter/aurora_ecommerse/vite-react/node_modules/@tanstack/react-query/build/modern/QueryClientProvider.js:20:3)

Consider adding an error boundary to your tree to customize error handling behavior.
Visit https://reactjs.org/link/error-boundaries to learn more about error boundaries.

[90mstderr[2m | src/features/services/pages/ServicesHome.test.tsx[2m > [22m[2mServicesHome[2m > [22m[2mCategories[2m > [22m[2mshould handle empty categories gracefully[22m[39m
Error fetching services data: TypeError: Cannot read properties of undefined (reading 'select')
    at [90mc:\Users\yn098\youssef's project\Aurora\flutter\aurora_ecommerse\vite-react\[39msrc\features\services\pages\ServicesHome.tsx:151:31
    at [90mc:\Users\yn098\youssef's project\Aurora\flutter\aurora_ecommerse\vite-react\[39msrc\features\services\pages\ServicesHome.tsx:227:5
    at commitHookEffectListMount [90m(c:\Users\yn098\youssef's project\Aurora\flutter\aurora_ecommerse\vite-react\[39mnode_modules\[4mreact-dom[24m\cjs\react-dom.development.js:23189:26[90m)[39m
    at commitPassiveMountOnFiber [90m(c:\Users\yn098\youssef's project\Aurora\flutter\aurora_ecommerse\vite-react\[39mnode_modules\[4mreact-dom[24m\cjs\react-dom.development.js:24970:11[90m)[39m
    at commitPassiveMountEffects_complete [90m(c:\Users\yn098\youssef's project\Aurora\flutter\aurora_ecommerse\vite-react\[39mnode_modules\[4mreact-dom[24m\cjs\react-dom.development.js:24930:9[90m)[39m
    at commitPassiveMountEffects_begin [90m(c:\Users\yn098\youssef's project\Aurora\flutter\aurora_ecommerse\vite-react\[39mnode_modules\[4mreact-dom[24m\cjs\react-dom.development.js:24917:7[90m)[39m
    at commitPassiveMountEffects [90m(c:\Users\yn098\youssef's project\Aurora\flutter\aurora_ecommerse\vite-react\[39mnode_modules\[4mreact-dom[24m\cjs\react-dom.development.js:24905:3[90m)[39m
    at flushPassiveEffectsImpl [90m(c:\Users\yn098\youssef's project\Aurora\flutter\aurora_ecommerse\vite-react\[39mnode_modules\[4mreact-dom[24m\cjs\react-dom.development.js:27078:3[90m)[39m
    at flushPassiveEffects [90m(c:\Users\yn098\youssef's project\Aurora\flutter\aurora_ecommerse\vite-react\[39mnode_modules\[4mreact-dom[24m\cjs\react-dom.development.js:27023:14[90m)[39m
    at performSyncWorkOnRoot [90m(c:\Users\yn098\youssef's project\Aurora\flutter\aurora_ecommerse\vite-react\[39mnode_modules\[4mreact-dom[24m\cjs\react-dom.development.js:26115:3[90m)[39m
Error: Uncaught [TypeError: Cannot read properties of undefined (reading 'subscribe')]
    at reportException (C:\Users\yn098\youssef's project\Aurora\flutter\aurora_ecommerse\vite-react\node_modules\jsdom\lib\jsdom\living\helpers\runtime-script-errors.js:66:24)
    at innerInvokeEventListeners (C:\Users\yn098\youssef's project\Aurora\flutter\aurora_ecommerse\vite-react\node_modules\jsdom\lib\jsdom\living\events\EventTarget-impl.js:353:9)
    at invokeEventListeners (C:\Users\yn098\youssef's project\Aurora\flutter\aurora_ecommerse\vite-react\node_modules\jsdom\lib\jsdom\living\events\EventTarget-impl.js:286:3)
    at HTMLUnknownElementImpl._dispatch (C:\Users\yn098\youssef's project\Aurora\flutter\aurora_ecommerse\vite-react\node_modules\jsdom\lib\jsdom\living\events\EventTarget-impl.js:233:9)
    at HTMLUnknownElementImpl.dispatchEvent (C:\Users\yn098\youssef's project\Aurora\flutter\aurora_ecommerse\vite-react\node_modules\jsdom\lib\jsdom\living\events\EventTarget-impl.js:104:17)
    at HTMLUnknownElement.dispatchEvent (C:\Users\yn098\youssef's project\Aurora\flutter\aurora_ecommerse\vite-react\node_modules\jsdom\lib\jsdom\living\generated\EventTarget.js:241:34)
    at Object.invokeGuardedCallbackDev (c:\Users\yn098\youssef's project\Aurora\flutter\aurora_ecommerse\vite-react\node_modules\react-dom\cjs\react-dom.development.js:4213:16)
    at invokeGuardedCallback (c:\Users\yn098\youssef's project\Aurora\flutter\aurora_ecommerse\vite-react\node_modules\react-dom\cjs\react-dom.development.js:4277:31)
    at reportUncaughtErrorInDEV (c:\Users\yn098\youssef's project\Aurora\flutter\aurora_ecommerse\vite-react\node_modules\react-dom\cjs\react-dom.development.js:22877:5)
    at captureCommitPhaseError (c:\Users\yn098\youssef's project\Aurora\flutter\aurora_ecommerse\vite-react\node_modules\react-dom\cjs\react-dom.development.js:27165:5) TypeError: Cannot read properties of undefined (reading 'subscribe')
    at [90mc:\Users\yn098\youssef's project\Aurora\flutter\aurora_ecommerse\vite-react\[39msrc\features\services\pages\ServicesHome.tsx:249:7
    at commitHookEffectListMount [90m(c:\Users\yn098\youssef's project\Aurora\flutter\aurora_ecommerse\vite-react\[39mnode_modules\[4mreact-dom[24m\cjs\react-dom.development.js:23189:26[90m)[39m
    at commitPassiveMountOnFiber [90m(c:\Users\yn098\youssef's project\Aurora\flutter\aurora_ecommerse\vite-react\[39mnode_modules\[4mreact-dom[24m\cjs\react-dom.development.js:24970:11[90m)[39m
    at commitPassiveMountEffects_complete [90m(c:\Users\yn098\youssef's project\Aurora\flutter\aurora_ecommerse\vite-react\[39mnode_modules\[4mreact-dom[24m\cjs\react-dom.development.js:24930:9[90m)[39m
    at commitPassiveMountEffects_begin [90m(c:\Users\yn098\youssef's project\Aurora\flutter\aurora_ecommerse\vite-react\[39mnode_modules\[4mreact-dom[24m\cjs\react-dom.development.js:24917:7[90m)[39m
    at commitPassiveMountEffects [90m(c:\Users\yn098\youssef's project\Aurora\flutter\aurora_ecommerse\vite-react\[39mnode_modules\[4mreact-dom[24m\cjs\react-dom.development.js:24905:3[90m)[39m
    at flushPassiveEffectsImpl [90m(c:\Users\yn098\youssef's project\Aurora\flutter\aurora_ecommerse\vite-react\[39mnode_modules\[4mreact-dom[24m\cjs\react-dom.development.js:27078:3[90m)[39m
    at flushPassiveEffects [90m(c:\Users\yn098\youssef's project\Aurora\flutter\aurora_ecommerse\vite-react\[39mnode_modules\[4mreact-dom[24m\cjs\react-dom.development.js:27023:14[90m)[39m
    at performSyncWorkOnRoot [90m(c:\Users\yn098\youssef's project\Aurora\flutter\aurora_ecommerse\vite-react\[39mnode_modules\[4mreact-dom[24m\cjs\react-dom.development.js:26115:3[90m)[39m
    at flushSyncCallbacks [90m(c:\Users\yn098\youssef's project\Aurora\flutter\aurora_ecommerse\vite-react\[39mnode_modules\[4mreact-dom[24m\cjs\react-dom.development.js:12042:22[90m)[39m
The above error occurred in the <ServicesHome> component:

    at ServicesHome (c:\Users\yn098\youssef's project\Aurora\flutter\aurora_ecommerse\vite-react\src\features\services\pages\ServicesHome.tsx:37:42)
    at Router (file:///c:/Users/yn098/youssef's%20project/Aurora/flutter/aurora_ecommerse/vite-react/node_modules/react-router/dist/development/chunk-LFPYN7LY.mjs:6653:13)
    at BrowserRouter (file:///c:/Users/yn098/youssef's%20project/Aurora/flutter/aurora_ecommerse/vite-react/node_modules/react-router/dist/development/chunk-LFPYN7LY.mjs:9904:3)
    at QueryClientProvider (file:///c:/Users/yn098/youssef's%20project/Aurora/flutter/aurora_ecommerse/vite-react/node_modules/@tanstack/react-query/build/modern/QueryClientProvider.js:20:3)

Consider adding an error boundary to your tree to customize error handling behavior.
Visit https://reactjs.org/link/error-boundaries to learn more about error boundaries.

[90mstderr[2m | src/features/services/pages/ServicesHome.test.tsx[2m > [22m[2mServicesHome[2m > [22m[2mAccessibility[2m > [22m[2mshould have proper ARIA labels[22m[39m
Error fetching services data: TypeError: Cannot read properties of undefined (reading 'select')
    at [90mc:\Users\yn098\youssef's project\Aurora\flutter\aurora_ecommerse\vite-react\[39msrc\features\services\pages\ServicesHome.tsx:151:31
    at [90mc:\Users\yn098\youssef's project\Aurora\flutter\aurora_ecommerse\vite-react\[39msrc\features\services\pages\ServicesHome.tsx:227:5
    at commitHookEffectListMount [90m(c:\Users\yn098\youssef's project\Aurora\flutter\aurora_ecommerse\vite-react\[39mnode_modules\[4mreact-dom[24m\cjs\react-dom.development.js:23189:26[90m)[39m
    at commitPassiveMountOnFiber [90m(c:\Users\yn098\youssef's project\Aurora\flutter\aurora_ecommerse\vite-react\[39mnode_modules\[4mreact-dom[24m\cjs\react-dom.development.js:24970:11[90m)[39m
    at commitPassiveMountEffects_complete [90m(c:\Users\yn098\youssef's project\Aurora\flutter\aurora_ecommerse\vite-react\[39mnode_modules\[4mreact-dom[24m\cjs\react-dom.development.js:24930:9[90m)[39m
    at commitPassiveMountEffects_begin [90m(c:\Users\yn098\youssef's project\Aurora\flutter\aurora_ecommerse\vite-react\[39mnode_modules\[4mreact-dom[24m\cjs\react-dom.development.js:24917:7[90m)[39m
    at commitPassiveMountEffects [90m(c:\Users\yn098\youssef's project\Aurora\flutter\aurora_ecommerse\vite-react\[39mnode_modules\[4mreact-dom[24m\cjs\react-dom.development.js:24905:3[90m)[39m
    at flushPassiveEffectsImpl [90m(c:\Users\yn098\youssef's project\Aurora\flutter\aurora_ecommerse\vite-react\[39mnode_modules\[4mreact-dom[24m\cjs\react-dom.development.js:27078:3[90m)[39m
    at flushPassiveEffects [90m(c:\Users\yn098\youssef's project\Aurora\flutter\aurora_ecommerse\vite-react\[39mnode_modules\[4mreact-dom[24m\cjs\react-dom.development.js:27023:14[90m)[39m
    at performSyncWorkOnRoot [90m(c:\Users\yn098\youssef's project\Aurora\flutter\aurora_ecommerse\vite-react\[39mnode_modules\[4mreact-dom[24m\cjs\react-dom.development.js:26115:3[90m)[39m
Error: Uncaught [TypeError: Cannot read properties of undefined (reading 'subscribe')]
    at reportException (C:\Users\yn098\youssef's project\Aurora\flutter\aurora_ecommerse\vite-react\node_modules\jsdom\lib\jsdom\living\helpers\runtime-script-errors.js:66:24)
    at innerInvokeEventListeners (C:\Users\yn098\youssef's project\Aurora\flutter\aurora_ecommerse\vite-react\node_modules\jsdom\lib\jsdom\living\events\EventTarget-impl.js:353:9)
    at invokeEventListeners (C:\Users\yn098\youssef's project\Aurora\flutter\aurora_ecommerse\vite-react\node_modules\jsdom\lib\jsdom\living\events\EventTarget-impl.js:286:3)
    at HTMLUnknownElementImpl._dispatch (C:\Users\yn098\youssef's project\Aurora\flutter\aurora_ecommerse\vite-react\node_modules\jsdom\lib\jsdom\living\events\EventTarget-impl.js:233:9)
    at HTMLUnknownElementImpl.dispatchEvent (C:\Users\yn098\youssef's project\Aurora\flutter\aurora_ecommerse\vite-react\node_modules\jsdom\lib\jsdom\living\events\EventTarget-impl.js:104:17)
    at HTMLUnknownElement.dispatchEvent (C:\Users\yn098\youssef's project\Aurora\flutter\aurora_ecommerse\vite-react\node_modules\jsdom\lib\jsdom\living\generated\EventTarget.js:241:34)
    at Object.invokeGuardedCallbackDev (c:\Users\yn098\youssef's project\Aurora\flutter\aurora_ecommerse\vite-react\node_modules\react-dom\cjs\react-dom.development.js:4213:16)
    at invokeGuardedCallback (c:\Users\yn098\youssef's project\Aurora\flutter\aurora_ecommerse\vite-react\node_modules\react-dom\cjs\react-dom.development.js:4277:31)
    at reportUncaughtErrorInDEV (c:\Users\yn098\youssef's project\Aurora\flutter\aurora_ecommerse\vite-react\node_modules\react-dom\cjs\react-dom.development.js:22877:5)
    at captureCommitPhaseError (c:\Users\yn098\youssef's project\Aurora\flutter\aurora_ecommerse\vite-react\node_modules\react-dom\cjs\react-dom.development.js:27165:5) TypeError: Cannot read properties of undefined (reading 'subscribe')
    at [90mc:\Users\yn098\youssef's project\Aurora\flutter\aurora_ecommerse\vite-react\[39msrc\features\services\pages\ServicesHome.tsx:249:7
    at commitHookEffectListMount [90m(c:\Users\yn098\youssef's project\Aurora\flutter\aurora_ecommerse\vite-react\[39mnode_modules\[4mreact-dom[24m\cjs\react-dom.development.js:23189:26[90m)[39m
    at commitPassiveMountOnFiber [90m(c:\Users\yn098\youssef's project\Aurora\flutter\aurora_ecommerse\vite-react\[39mnode_modules\[4mreact-dom[24m\cjs\react-dom.development.js:24970:11[90m)[39m
    at commitPassiveMountEffects_complete [90m(c:\Users\yn098\youssef's project\Aurora\flutter\aurora_ecommerse\vite-react\[39mnode_modules\[4mreact-dom[24m\cjs\react-dom.development.js:24930:9[90m)[39m
    at commitPassiveMountEffects_begin [90m(c:\Users\yn098\youssef's project\Aurora\flutter\aurora_ecommerse\vite-react\[39mnode_modules\[4mreact-dom[24m\cjs\react-dom.development.js:24917:7[90m)[39m
    at commitPassiveMountEffects [90m(c:\Users\yn098\youssef's project\Aurora\flutter\aurora_ecommerse\vite-react\[39mnode_modules\[4mreact-dom[24m\cjs\react-dom.development.js:24905:3[90m)[39m
    at flushPassiveEffectsImpl [90m(c:\Users\yn098\youssef's project\Aurora\flutter\aurora_ecommerse\vite-react\[39mnode_modules\[4mreact-dom[24m\cjs\react-dom.development.js:27078:3[90m)[39m
    at flushPassiveEffects [90m(c:\Users\yn098\youssef's project\Aurora\flutter\aurora_ecommerse\vite-react\[39mnode_modules\[4mreact-dom[24m\cjs\react-dom.development.js:27023:14[90m)[39m
    at performSyncWorkOnRoot [90m(c:\Users\yn098\youssef's project\Aurora\flutter\aurora_ecommerse\vite-react\[39mnode_modules\[4mreact-dom[24m\cjs\react-dom.development.js:26115:3[90m)[39m
    at flushSyncCallbacks [90m(c:\Users\yn098\youssef's project\Aurora\flutter\aurora_ecommerse\vite-react\[39mnode_modules\[4mreact-dom[24m\cjs\react-dom.development.js:12042:22[90m)[39m
The above error occurred in the <ServicesHome> component:

    at ServicesHome (c:\Users\yn098\youssef's project\Aurora\flutter\aurora_ecommerse\vite-react\src\features\services\pages\ServicesHome.tsx:37:42)
    at Router (file:///c:/Users/yn098/youssef's%20project/Aurora/flutter/aurora_ecommerse/vite-react/node_modules/react-router/dist/development/chunk-LFPYN7LY.mjs:6653:13)
    at BrowserRouter (file:///c:/Users/yn098/youssef's%20project/Aurora/flutter/aurora_ecommerse/vite-react/node_modules/react-router/dist/development/chunk-LFPYN7LY.mjs:9904:3)
    at QueryClientProvider (file:///c:/Users/yn098/youssef's%20project/Aurora/flutter/aurora_ecommerse/vite-react/node_modules/@tanstack/react-query/build/modern/QueryClientProvider.js:20:3)

Consider adding an error boundary to your tree to customize error handling behavior.
Visit https://reactjs.org/link/error-boundaries to learn more about error boundaries.

[90mstderr[2m | src/features/services/pages/ServicesHome.test.tsx[2m > [22m[2mServicesHome[2m > [22m[2mAccessibility[2m > [22m[2mshould have proper role for trust indicators list[22m[39m
Error fetching services data: TypeError: Cannot read properties of undefined (reading 'select')
    at [90mc:\Users\yn098\youssef's project\Aurora\flutter\aurora_ecommerse\vite-react\[39msrc\features\services\pages\ServicesHome.tsx:151:31
    at [90mc:\Users\yn098\youssef's project\Aurora\flutter\aurora_ecommerse\vite-react\[39msrc\features\services\pages\ServicesHome.tsx:227:5
    at commitHookEffectListMount [90m(c:\Users\yn098\youssef's project\Aurora\flutter\aurora_ecommerse\vite-react\[39mnode_modules\[4mreact-dom[24m\cjs\react-dom.development.js:23189:26[90m)[39m
    at commitPassiveMountOnFiber [90m(c:\Users\yn098\youssef's project\Aurora\flutter\aurora_ecommerse\vite-react\[39mnode_modules\[4mreact-dom[24m\cjs\react-dom.development.js:24970:11[90m)[39m
    at commitPassiveMountEffects_complete [90m(c:\Users\yn098\youssef's project\Aurora\flutter\aurora_ecommerse\vite-react\[39mnode_modules\[4mreact-dom[24m\cjs\react-dom.development.js:24930:9[90m)[39m
    at commitPassiveMountEffects_begin [90m(c:\Users\yn098\youssef's project\Aurora\flutter\aurora_ecommerse\vite-react\[39mnode_modules\[4mreact-dom[24m\cjs\react-dom.development.js:24917:7[90m)[39m
    at commitPassiveMountEffects [90m(c:\Users\yn098\youssef's project\Aurora\flutter\aurora_ecommerse\vite-react\[39mnode_modules\[4mreact-dom[24m\cjs\react-dom.development.js:24905:3[90m)[39m
    at flushPassiveEffectsImpl [90m(c:\Users\yn098\youssef's project\Aurora\flutter\aurora_ecommerse\vite-react\[39mnode_modules\[4mreact-dom[24m\cjs\react-dom.development.js:27078:3[90m)[39m
    at flushPassiveEffects [90m(c:\Users\yn098\youssef's project\Aurora\flutter\aurora_ecommerse\vite-react\[39mnode_modules\[4mreact-dom[24m\cjs\react-dom.development.js:27023:14[90m)[39m
    at performSyncWorkOnRoot [90m(c:\Users\yn098\youssef's project\Aurora\flutter\aurora_ecommerse\vite-react\[39mnode_modules\[4mreact-dom[24m\cjs\react-dom.development.js:26115:3[90m)[39m
Error: Uncaught [TypeError: Cannot read properties of undefined (reading 'subscribe')]
    at reportException (C:\Users\yn098\youssef's project\Aurora\flutter\aurora_ecommerse\vite-react\node_modules\jsdom\lib\jsdom\living\helpers\runtime-script-errors.js:66:24)
    at innerInvokeEventListeners (C:\Users\yn098\youssef's project\Aurora\flutter\aurora_ecommerse\vite-react\node_modules\jsdom\lib\jsdom\living\events\EventTarget-impl.js:353:9)
    at invokeEventListeners (C:\Users\yn098\youssef's project\Aurora\flutter\aurora_ecommerse\vite-react\node_modules\jsdom\lib\jsdom\living\events\EventTarget-impl.js:286:3)
    at HTMLUnknownElementImpl._dispatch (C:\Users\yn098\youssef's project\Aurora\flutter\aurora_ecommerse\vite-react\node_modules\jsdom\lib\jsdom\living\events\EventTarget-impl.js:233:9)
    at HTMLUnknownElementImpl.dispatchEvent (C:\Users\yn098\youssef's project\Aurora\flutter\aurora_ecommerse\vite-react\node_modules\jsdom\lib\jsdom\living\events\EventTarget-impl.js:104:17)
    at HTMLUnknownElement.dispatchEvent (C:\Users\yn098\youssef's project\Aurora\flutter\aurora_ecommerse\vite-react\node_modules\jsdom\lib\jsdom\living\generated\EventTarget.js:241:34)
    at Object.invokeGuardedCallbackDev (c:\Users\yn098\youssef's project\Aurora\flutter\aurora_ecommerse\vite-react\node_modules\react-dom\cjs\react-dom.development.js:4213:16)
    at invokeGuardedCallback (c:\Users\yn098\youssef's project\Aurora\flutter\aurora_ecommerse\vite-react\node_modules\react-dom\cjs\react-dom.development.js:4277:31)
    at reportUncaughtErrorInDEV (c:\Users\yn098\youssef's project\Aurora\flutter\aurora_ecommerse\vite-react\node_modules\react-dom\cjs\react-dom.development.js:22877:5)
    at captureCommitPhaseError (c:\Users\yn098\youssef's project\Aurora\flutter\aurora_ecommerse\vite-react\node_modules\react-dom\cjs\react-dom.development.js:27165:5) TypeError: Cannot read properties of undefined (reading 'subscribe')
    at [90mc:\Users\yn098\youssef's project\Aurora\flutter\aurora_ecommerse\vite-react\[39msrc\features\services\pages\ServicesHome.tsx:249:7
    at commitHookEffectListMount [90m(c:\Users\yn098\youssef's project\Aurora\flutter\aurora_ecommerse\vite-react\[39mnode_modules\[4mreact-dom[24m\cjs\react-dom.development.js:23189:26[90m)[39m
    at commitPassiveMountOnFiber [90m(c:\Users\yn098\youssef's project\Aurora\flutter\aurora_ecommerse\vite-react\[39mnode_modules\[4mreact-dom[24m\cjs\react-dom.development.js:24970:11[90m)[39m
    at commitPassiveMountEffects_complete [90m(c:\Users\yn098\youssef's project\Aurora\flutter\aurora_ecommerse\vite-react\[39mnode_modules\[4mreact-dom[24m\cjs\react-dom.development.js:24930:9[90m)[39m
    at commitPassiveMountEffects_begin [90m(c:\Users\yn098\youssef's project\Aurora\flutter\aurora_ecommerse\vite-react\[39mnode_modules\[4mreact-dom[24m\cjs\react-dom.development.js:24917:7[90m)[39m
    at commitPassiveMountEffects [90m(c:\Users\yn098\youssef's project\Aurora\flutter\aurora_ecommerse\vite-react\[39mnode_modules\[4mreact-dom[24m\cjs\react-dom.development.js:24905:3[90m)[39m
    at flushPassiveEffectsImpl [90m(c:\Users\yn098\youssef's project\Aurora\flutter\aurora_ecommerse\vite-react\[39mnode_modules\[4mreact-dom[24m\cjs\react-dom.development.js:27078:3[90m)[39m
    at flushPassiveEffects [90m(c:\Users\yn098\youssef's project\Aurora\flutter\aurora_ecommerse\vite-react\[39mnode_modules\[4mreact-dom[24m\cjs\react-dom.development.js:27023:14[90m)[39m
    at performSyncWorkOnRoot [90m(c:\Users\yn098\youssef's project\Aurora\flutter\aurora_ecommerse\vite-react\[39mnode_modules\[4mreact-dom[24m\cjs\react-dom.development.js:26115:3[90m)[39m
    at flushSyncCallbacks [90m(c:\Users\yn098\youssef's project\Aurora\flutter\aurora_ecommerse\vite-react\[39mnode_modules\[4mreact-dom[24m\cjs\react-dom.development.js:12042:22[90m)[39m
The above error occurred in the <ServicesHome> component:

    at ServicesHome (c:\Users\yn098\youssef's project\Aurora\flutter\aurora_ecommerse\vite-react\src\features\services\pages\ServicesHome.tsx:37:42)
    at Router (file:///c:/Users/yn098/youssef's%20project/Aurora/flutter/aurora_ecommerse/vite-react/node_modules/react-router/dist/development/chunk-LFPYN7LY.mjs:6653:13)
    at BrowserRouter (file:///c:/Users/yn098/youssef's%20project/Aurora/flutter/aurora_ecommerse/vite-react/node_modules/react-router/dist/development/chunk-LFPYN7LY.mjs:9904:3)
    at QueryClientProvider (file:///c:/Users/yn098/youssef's%20project/Aurora/flutter/aurora_ecommerse/vite-react/node_modules/@tanstack/react-query/build/modern/QueryClientProvider.js:20:3)

Consider adding an error boundary to your tree to customize error handling behavior.
Visit https://reactjs.org/link/error-boundaries to learn more about error boundaries.

 [33m❯[39m src/features/services/pages/ServicesHome.test.tsx [2m ([22m[2m12 tests[22m [2m|[22m [31m11 failed[39m[2m)[22m[90m 262[2mms[22m[39m
[31m   [33m❯[31m src/features/services/pages/ServicesHome.test.tsx[2m > [22mServicesHome[2m > [22mInitial Rendering[2m > [22mshould display header[39m
[31m     → Cannot read properties of undefined (reading 'subscribe')[39m
[31m   [33m❯[31m src/features/services/pages/ServicesHome.test.tsx[2m > [22mServicesHome[2m > [22mHero Section[2m > [22mshould render hero section with search functionality[39m
[31m     → Cannot read properties of undefined (reading 'subscribe')[39m
[31m   [33m❯[31m src/features/services/pages/ServicesHome.test.tsx[2m > [22mServicesHome[2m > [22mHero Section[2m > [22mshould render CTA button for non-authenticated user[39m
[31m     → Cannot read properties of undefined (reading 'subscribe')[39m
[31m   [33m❯[31m src/features/services/pages/ServicesHome.test.tsx[2m > [22mServicesHome[2m > [22mHero Section[2m > [22mshould render CTA button for authenticated user[39m
[31m     → Cannot read properties of undefined (reading 'subscribe')[39m
[31m   [33m❯[31m src/features/services/pages/ServicesHome.test.tsx[2m > [22mServicesHome[2m > [22mHero Section[2m > [22mshould allow typing in search input[39m
[31m     → Cannot read properties of undefined (reading 'subscribe')[39m
[31m   [33m❯[31m src/features/services/pages/ServicesHome.test.tsx[2m > [22mServicesHome[2m > [22mTrust Indicators[2m > [22mshould render trust indicators section[39m
[31m     → Cannot read properties of undefined (reading 'subscribe')[39m
[31m   [33m❯[31m src/features/services/pages/ServicesHome.test.tsx[2m > [22mServicesHome[2m > [22mTrust Indicators[2m > [22mshould display Secure Payments indicator[39m
[31m     → Cannot read properties of undefined (reading 'subscribe')[39m
[31m   [33m❯[31m src/features/services/pages/ServicesHome.test.tsx[2m > [22mServicesHome[2m > [22mCategories[2m > [22mshould render categories section[39m
[31m     → Cannot read properties of undefined (reading 'subscribe')[39m
[31m   [33m❯[31m src/features/services/pages/ServicesHome.test.tsx[2m > [22mServicesHome[2m > [22mCategories[2m > [22mshould handle empty categories gracefully[39m
[31m     → Cannot read properties of undefined (reading 'subscribe')[39m
[31m   [33m❯[31m src/features/services/pages/ServicesHome.test.tsx[2m > [22mServicesHome[2m > [22mAccessibility[2m > [22mshould have proper ARIA labels[39m
[31m     → Cannot read properties of undefined (reading 'subscribe')[39m
[31m   [33m❯[31m src/features/services/pages/ServicesHome.test.tsx[2m > [22mServicesHome[2m > [22mAccessibility[2m > [22mshould have proper role for trust indicators list[39m
[31m     → Cannot read properties of undefined (reading 'subscribe')[39m

[31m⎯⎯⎯⎯⎯⎯[1m[7m Failed Tests 11 [27m[22m⎯⎯⎯⎯⎯⎯⎯[39m

[31m[1m[7m FAIL [27m[22m[39m src/features/services/pages/ServicesHome.test.tsx[2m > [22mServicesHome[2m > [22mInitial Rendering[2m > [22mshould display header
[31m[1m[7m FAIL [27m[22m[39m src/features/services/pages/ServicesHome.test.tsx[2m > [22mServicesHome[2m > [22mHero Section[2m > [22mshould render hero section with search functionality
[31m[1m[7m FAIL [27m[22m[39m src/features/services/pages/ServicesHome.test.tsx[2m > [22mServicesHome[2m > [22mHero Section[2m > [22mshould render CTA button for non-authenticated user
[31m[1m[7m FAIL [27m[22m[39m src/features/services/pages/ServicesHome.test.tsx[2m > [22mServicesHome[2m > [22mHero Section[2m > [22mshould render CTA button for authenticated user
[31m[1m[7m FAIL [27m[22m[39m src/features/services/pages/ServicesHome.test.tsx[2m > [22mServicesHome[2m > [22mHero Section[2m > [22mshould allow typing in search input
[31m[1m[7m FAIL [27m[22m[39m src/features/services/pages/ServicesHome.test.tsx[2m > [22mServicesHome[2m > [22mTrust Indicators[2m > [22mshould render trust indicators section
[31m[1m[7m FAIL [27m[22m[39m src/features/services/pages/ServicesHome.test.tsx[2m > [22mServicesHome[2m > [22mTrust Indicators[2m > [22mshould display Secure Payments indicator
[31m[1m[7m FAIL [27m[22m[39m src/features/services/pages/ServicesHome.test.tsx[2m > [22mServicesHome[2m > [22mCategories[2m > [22mshould render categories section
[31m[1m[7m FAIL [27m[22m[39m src/features/services/pages/ServicesHome.test.tsx[2m > [22mServicesHome[2m > [22mCategories[2m > [22mshould handle empty categories gracefully
[31m[1m[7m FAIL [27m[22m[39m src/features/services/pages/ServicesHome.test.tsx[2m > [22mServicesHome[2m > [22mAccessibility[2m > [22mshould have proper ARIA labels
[31m[1m[7m FAIL [27m[22m[39m src/features/services/pages/ServicesHome.test.tsx[2m > [22mServicesHome[2m > [22mAccessibility[2m > [22mshould have proper role for trust indicators list
[31m[1mTypeError[22m: Cannot read properties of undefined (reading 'subscribe')[39m
[90m [2m❯[22m src/features/services/pages/ServicesHome.tsx:[2m249:7[22m[39m
[90m [2m❯[22m commitHookEffectListMount node_modules/react-dom/cjs/react-dom.development.js:[2m23189:26[22m[39m
[90m [2m❯[22m commitPassiveMountOnFiber node_modules/react-dom/cjs/react-dom.development.js:[2m24970:11[22m[39m
[90m [2m❯[22m commitPassiveMountEffects_complete node_modules/react-dom/cjs/react-dom.development.js:[2m24930:9[22m[39m
[90m [2m❯[22m commitPassiveMountEffects_begin node_modules/react-dom/cjs/react-dom.development.js:[2m24917:7[22m[39m
[90m [2m❯[22m commitPassiveMountEffects node_modules/react-dom/cjs/react-dom.development.js:[2m24905:3[22m[39m
[90m [2m❯[22m flushPassiveEffectsImpl node_modules/react-dom/cjs/react-dom.development.js:[2m27078:3[22m[39m
[90m [2m❯[22m flushPassiveEffects node_modules/react-dom/cjs/react-dom.development.js:[2m27023:14[22m[39m
[90m [2m❯[22m performSyncWorkOnRoot node_modules/react-dom/cjs/react-dom.development.js:[2m26115:3[22m[39m
[90m [2m❯[22m flushSyncCallbacks node_modules/react-dom/cjs/react-dom.development.js:[2m12042:22[22m[39m

[31m[2m⎯⎯⎯⎯⎯⎯⎯⎯⎯⎯⎯⎯⎯⎯⎯⎯⎯⎯⎯⎯⎯⎯⎯[1/11]⎯[22m[39m

[2m Test Files [22m [1m[31m1 failed[39m[22m[90m (1)[39m
[2m      Tests [22m [1m[31m11 failed[39m[22m[2m | [22m[1m[32m1 passed[39m[22m[90m (12)[39m
[2m   Start at [22m 16:41:57
[2m   Duration [22m 2.09s[2m (transform 154ms, setup 91ms, collect 599ms, tests 262ms, environment 487ms, prepare 120ms)[22m

